Archive member included to satisfy reference by file (symbol)

d:/programfiles/gnu arm embedded toolchain/10 2021.10/bin/../lib/gcc/arm-none-eabi/10.3.1/../../../../arm-none-eabi/lib/thumb/v7e-m+fp/hard\libstdc++.a(atexit_arm.o)
                              CMakeFiles/templateDevelopment.elf.dir/myApplcation/MyLCD.cpp.obj (__aeabi_atexit)
d:/programfiles/gnu arm embedded toolchain/10 2021.10/bin/../lib/gcc/arm-none-eabi/10.3.1/../../../../arm-none-eabi/lib/thumb/v7e-m+fp/hard\libstdc++.a(eh_arm.o)
                              CMakeFiles/templateDevelopment.elf.dir/myApplcation/MyKey.cpp.obj (__cxa_end_cleanup)
d:/programfiles/gnu arm embedded toolchain/10 2021.10/bin/../lib/gcc/arm-none-eabi/10.3.1/../../../../arm-none-eabi/lib/thumb/v7e-m+fp/hard\libstdc++.a(eh_exception.o)
                              d:/programfiles/gnu arm embedded toolchain/10 2021.10/bin/../lib/gcc/arm-none-eabi/10.3.1/../../../../arm-none-eabi/lib/thumb/v7e-m+fp/hard\libstdc++.a(eh_arm.o) (typeinfo for __cxxabiv1::__forced_unwind)
d:/programfiles/gnu arm embedded toolchain/10 2021.10/bin/../lib/gcc/arm-none-eabi/10.3.1/../../../../arm-none-eabi/lib/thumb/v7e-m+fp/hard\libstdc++.a(eh_globals.o)
                              d:/programfiles/gnu arm embedded toolchain/10 2021.10/bin/../lib/gcc/arm-none-eabi/10.3.1/../../../../arm-none-eabi/lib/thumb/v7e-m+fp/hard\libstdc++.a(eh_arm.o) (__cxa_get_globals)
d:/programfiles/gnu arm embedded toolchain/10 2021.10/bin/../lib/gcc/arm-none-eabi/10.3.1/../../../../arm-none-eabi/lib/thumb/v7e-m+fp/hard\libstdc++.a(eh_personality.o)
                              CMakeFiles/templateDevelopment.elf.dir/myApplcation/MyKey.cpp.obj (__gxx_personality_v0)
d:/programfiles/gnu arm embedded toolchain/10 2021.10/bin/../lib/gcc/arm-none-eabi/10.3.1/../../../../arm-none-eabi/lib/thumb/v7e-m+fp/hard\libstdc++.a(eh_terminate.o)
                              d:/programfiles/gnu arm embedded toolchain/10 2021.10/bin/../lib/gcc/arm-none-eabi/10.3.1/../../../../arm-none-eabi/lib/thumb/v7e-m+fp/hard\libstdc++.a(eh_arm.o) (std::terminate())
d:/programfiles/gnu arm embedded toolchain/10 2021.10/bin/../lib/gcc/arm-none-eabi/10.3.1/../../../../arm-none-eabi/lib/thumb/v7e-m+fp/hard\libstdc++.a(eh_unex_handler.o)
                              d:/programfiles/gnu arm embedded toolchain/10 2021.10/bin/../lib/gcc/arm-none-eabi/10.3.1/../../../../arm-none-eabi/lib/thumb/v7e-m+fp/hard\libstdc++.a(eh_terminate.o) (__cxxabiv1::__unexpected_handler)
d:/programfiles/gnu arm embedded toolchain/10 2021.10/bin/../lib/gcc/arm-none-eabi/10.3.1/../../../../arm-none-eabi/lib/thumb/v7e-m+fp/hard\libstdc++.a(pure.o)
                              d:/programfiles/gnu arm embedded toolchain/10 2021.10/bin/../lib/gcc/arm-none-eabi/10.3.1/../../../../arm-none-eabi/lib/thumb/v7e-m+fp/hard\libstdc++.a(eh_exception.o) (__cxa_pure_virtual)
d:/programfiles/gnu arm embedded toolchain/10 2021.10/bin/../lib/gcc/arm-none-eabi/10.3.1/../../../../arm-none-eabi/lib/thumb/v7e-m+fp/hard\libstdc++.a(si_class_type_info.o)
                              d:/programfiles/gnu arm embedded toolchain/10 2021.10/bin/../lib/gcc/arm-none-eabi/10.3.1/../../../../arm-none-eabi/lib/thumb/v7e-m+fp/hard\libstdc++.a(eh_exception.o) (vtable for __cxxabiv1::__si_class_type_info)
d:/programfiles/gnu arm embedded toolchain/10 2021.10/bin/../lib/gcc/arm-none-eabi/10.3.1/../../../../arm-none-eabi/lib/thumb/v7e-m+fp/hard\libstdc++.a(tinfo.o)
                              d:/programfiles/gnu arm embedded toolchain/10 2021.10/bin/../lib/gcc/arm-none-eabi/10.3.1/../../../../arm-none-eabi/lib/thumb/v7e-m+fp/hard\libstdc++.a(si_class_type_info.o) (std::type_info::__is_pointer_p() const)
d:/programfiles/gnu arm embedded toolchain/10 2021.10/bin/../lib/gcc/arm-none-eabi/10.3.1/../../../../arm-none-eabi/lib/thumb/v7e-m+fp/hard\libstdc++.a(vterminate.o)
                              d:/programfiles/gnu arm embedded toolchain/10 2021.10/bin/../lib/gcc/arm-none-eabi/10.3.1/../../../../arm-none-eabi/lib/thumb/v7e-m+fp/hard\libstdc++.a(eh_terminate.o) (__gnu_cxx::__verbose_terminate_handler())
d:/programfiles/gnu arm embedded toolchain/10 2021.10/bin/../lib/gcc/arm-none-eabi/10.3.1/../../../../arm-none-eabi/lib/thumb/v7e-m+fp/hard\libstdc++.a(class_type_info.o)
                              d:/programfiles/gnu arm embedded toolchain/10 2021.10/bin/../lib/gcc/arm-none-eabi/10.3.1/../../../../arm-none-eabi/lib/thumb/v7e-m+fp/hard\libstdc++.a(si_class_type_info.o) (__cxxabiv1::__class_type_info::__do_upcast(__cxxabiv1::__class_type_info const*, void**) const)
d:/programfiles/gnu arm embedded toolchain/10 2021.10/bin/../lib/gcc/arm-none-eabi/10.3.1/../../../../arm-none-eabi/lib/thumb/v7e-m+fp/hard\libstdc++.a(cp-demangle.o)
                              d:/programfiles/gnu arm embedded toolchain/10 2021.10/bin/../lib/gcc/arm-none-eabi/10.3.1/../../../../arm-none-eabi/lib/thumb/v7e-m+fp/hard\libstdc++.a(vterminate.o) (__cxa_demangle)
[...]
Memory Configuration

Name             Origin             Length             Attributes
CCMRAM           0x10000000         0x00010000         xrw
RAM              0x20000000         0x00020000         xrw
FLASH            0x08000000         0x00100000         xr
*default*        0x00000000         0xffffffff

Linker script and memory map

LOAD d:/programfiles/gnu arm embedded toolchain/10 2021.10/bin/../lib/gcc/arm-none-eabi/10.3.1/thumb/v7e-m+fp/hard/crti.o
LOAD d:/programfiles/gnu arm embedded toolchain/10 2021.10/bin/../lib/gcc/arm-none-eabi/10.3.1/thumb/v7e-m+fp/hard/crtbegin.o
LOAD d:/programfiles/gnu arm embedded toolchain/10 2021.10/bin/../lib/gcc/arm-none-eabi/10.3.1/../../../../arm-none-eabi/lib/thumb/v7e-m+fp/hard/crt0.o
LOAD CMakeFiles/templateDevelopment.elf.dir/BSP/24cxx.c.obj
LOAD CMakeFiles/templateDevelopment.elf.dir/BSP/ctiic.c.obj
LOAD CMakeFiles/templateDevelopment.elf.dir/BSP/delay.c.obj
LOAD CMakeFiles/templateDevelopment.elf.dir/BSP/ft5206.c.obj
LOAD CMakeFiles/templateDevelopment.elf.dir/BSP/gt9xxx.c.obj
LOAD CMakeFiles/templateDevelopment.elf.dir/BSP/myiic.c.obj
LOAD CMakeFiles/templateDevelopment.elf.dir/BSP/sys.c.obj
LOAD CMakeFiles/templateDevelopment.elf.dir/BSP/touch.c.obj
LOAD CMakeFiles/templateDevelopment.elf.dir/Core/Src/adc.c.obj
LOAD CMakeFiles/templateDevelopment.elf.dir/Core/Src/dac.c.obj
LOAD CMakeFiles/templateDevelopment.elf.dir/Core/Src/dma.c.obj
LOAD CMakeFiles/templateDevelopment.elf.dir/Core/Src/fsmc.c.obj
LOAD CMakeFiles/templateDevelopment.elf.dir/Core/Src/gpio.c.obj
LOAD CMakeFiles/templateDevelopment.elf.dir/Core/Src/main.c.obj
LOAD CMakeFiles/templateDevelopment.elf.dir/Core/Src/stm32f4xx_hal_msp.c.obj
LOAD CMakeFiles/templateDevelopment.elf.dir/Core/Src/stm32f4xx_it.c.obj
LOAD CMakeFiles/templateDevelopment.elf.dir/Core/Src/syscalls.c.obj
LOAD CMakeFiles/templateDevelopment.elf.dir/Core/Src/sysmem.c.obj
LOAD CMakeFiles/templateDevelopment.elf.dir/Core/Src/system_stm32f4xx.c.obj
LOAD CMakeFiles/templateDevelopment.elf.dir/Core/Src/tim.c.obj
LOAD CMakeFiles/templateDevelopment.elf.dir/Core/Src/usart.c.obj
LOAD CMakeFiles/templateDevelopment.elf.dir/Core/Startup/startup_stm32f407zgtx.s.obj
LOAD CMakeFiles/templateDevelopment.elf.dir/Drivers/STM32F4xx_HAL_Driver/Src/stm32f4xx_hal.c.obj
LOAD CMakeFiles/templateDevelopment.elf.dir/Drivers/STM32F4xx_HAL_Driver/Src/stm32f4xx_hal_adc.c.obj
LOAD CMakeFiles/templateDevelopment.elf.dir/Drivers/STM32F4xx_HAL_Driver/Src/stm32f4xx_hal_adc_ex.c.obj
LOAD CMakeFiles/templateDevelopment.elf.dir/Drivers/STM32F4xx_HAL_Driver/Src/stm32f4xx_hal_cortex.c.obj
LOAD CMakeFiles/templateDevelopment.elf.dir/Drivers/STM32F4xx_HAL_Driver/Src/stm32f4xx_hal_dac.c.obj
LOAD CMakeFiles/templateDevelopment.elf.dir/Drivers/STM32F4xx_HAL_Driver/Src/stm32f4xx_hal_dac_ex.c.obj
LOAD CMakeFiles/templateDevelopment.elf.dir/Drivers/STM32F4xx_HAL_Driver/Src/stm32f4xx_hal_dma.c.obj
LOAD CMakeFiles/templateDevelopment.elf.dir/Drivers/STM32F4xx_HAL_Driver/Src/stm32f4xx_hal_dma_ex.c.obj
LOAD CMakeFiles/templateDevelopment.elf.dir/Drivers/STM32F4xx_HAL_Driver/Src/stm32f4xx_hal_exti.c.obj
LOAD CMakeFiles/templateDevelopment.elf.dir/Drivers/STM32F4xx_HAL_Driver/Src/stm32f4xx_hal_flash.c.obj
LOAD CMakeFiles/templateDevelopment.elf.dir/Drivers/STM32F4xx_HAL_Driver/Src/stm32f4xx_hal_flash_ex.c.obj
LOAD CMakeFiles/templateDevelopment.elf.dir/Drivers/STM32F4xx_HAL_Driver/Src/stm32f4xx_hal_flash_ramfunc.c.obj
LOAD CMakeFiles/templateDevelopment.elf.dir/Drivers/STM32F4xx_HAL_Driver/Src/stm32f4xx_hal_gpio.c.obj
LOAD CMakeFiles/templateDevelopment.elf.dir/Drivers/STM32F4xx_HAL_Driver/Src/stm32f4xx_hal_pwr.c.obj
LOAD CMakeFiles/templateDevelopment.elf.dir/Drivers/STM32F4xx_HAL_Driver/Src/stm32f4xx_hal_pwr_ex.c.obj
LOAD CMakeFiles/templateDevelopment.elf.dir/Drivers/STM32F4xx_HAL_Driver/Src/stm32f4xx_hal_rcc.c.obj
LOAD CMakeFiles/templateDevelopment.elf.dir/Drivers/STM32F4xx_HAL_Driver/Src/stm32f4xx_hal_rcc_ex.c.obj
LOAD CMakeFiles/templateDevelopment.elf.dir/Drivers/STM32F4xx_HAL_Driver/Src/stm32f4xx_hal_sram.c.obj
LOAD CMakeFiles/templateDevelopment.elf.dir/Drivers/STM32F4xx_HAL_Driver/Src/stm32f4xx_hal_tim.c.obj
LOAD CMakeFiles/templateDevelopment.elf.dir/Drivers/STM32F4xx_HAL_Driver/Src/stm32f4xx_hal_tim_ex.c.obj
LOAD CMakeFiles/templateDevelopment.elf.dir/Drivers/STM32F4xx_HAL_Driver/Src/stm32f4xx_hal_uart.c.obj
LOAD CMakeFiles/templateDevelopment.elf.dir/Drivers/STM32F4xx_HAL_Driver/Src/stm32f4xx_ll_adc.c.obj
LOAD CMakeFiles/templateDevelopment.elf.dir/Drivers/STM32F4xx_HAL_Driver/Src/stm32f4xx_ll_fsmc.c.obj
LOAD CMakeFiles/templateDevelopment.elf.dir/LCD/lcd.c.obj
LOAD CMakeFiles/templateDevelopment.elf.dir/myApplcation/LED.cpp.obj
LOAD CMakeFiles/templateDevelopment.elf.dir/myApplcation/MyADC_cpp.cpp.obj
LOAD CMakeFiles/templateDevelopment.elf.dir/myApplcation/MyDAC.cpp.obj
LOAD CMakeFiles/templateDevelopment.elf.dir/myApplcation/MyFFT.cpp.obj
LOAD CMakeFiles/templateDevelopment.elf.dir/myApplcation/MyKey.cpp.obj
LOAD CMakeFiles/templateDevelopment.elf.dir/myApplcation/MyLCD.cpp.obj
LOAD CMakeFiles/templateDevelopment.elf.dir/myApplcation/MyUsart.cpp.obj
LOAD CMakeFiles/templateDevelopment.elf.dir/myApplcation/Mymain.cpp.obj
LOAD CMakeFiles/templateDevelopment.elf.dir/myApplcation/myAdc.c.obj
LOAD CMakeFiles/templateDevelopment.elf.dir/myApplcation/seriall_Port.c.obj
LOAD d:/programfiles/gnu arm embedded toolchain/10 2021.10/bin/../lib/gcc/arm-none-eabi/10.3.1/../../../../arm-none-eabi/lib/thumb/v7e-m+fp/hard\libstdc++.a
LOAD d:/programfiles/gnu arm embedded toolchain/10 2021.10/bin/../lib/gcc/arm-none-eabi/10.3.1/../../../../arm-none-eabi/lib/thumb/v7e-m+fp/hard\libm.a
START GROUP
LOAD d:/programfiles/gnu arm embedded toolchain/10 2021.10/bin/../lib/gcc/arm-none-eabi/10.3.1/thumb/v7e-m+fp/hard\libgcc.a
LOAD d:/programfiles/gnu arm embedded toolchain/10 2021.10/bin/../lib/gcc/arm-none-eabi/10.3.1/../../../../arm-none-eabi/lib/thumb/v7e-m+fp/hard\libg.a
LOAD d:/programfiles/gnu arm embedded toolchain/10 2021.10/bin/../lib/gcc/arm-none-eabi/10.3.1/../../../../arm-none-eabi/lib/thumb/v7e-m+fp/hard\libc.a
END GROUP
LOAD d:/programfiles/gnu arm embedded toolchain/10 2021.10/bin/../lib/gcc/arm-none-eabi/10.3.1/thumb/v7e-m+fp/hard/crtend.o
LOAD d:/programfiles/gnu arm embedded toolchain/10 2021.10/bin/../lib/gcc/arm-none-eabi/10.3.1/thumb/v7e-m+fp/hard/crtn.o
                0x20020000                _estack = (ORIGIN (RAM) + LENGTH (RAM))
                0x00000200                _Min_Heap_Size = 0x200
                0x00000400                _Min_Stack_Size = 0x400

.isr_vector     0x08000000      0x188
                0x08000000                . = ALIGN (0x4)
 *(.isr_vector)
 .isr_vector    0x08000000      0x188 CMakeFiles/templateDevelopment.elf.dir/Core/Startup/startup_stm32f407zgtx.s.obj
                0x08000000                g_pfnVectors
                0x08000188                . = ALIGN (0x4)

.text           0x080001c0    0x19ebc
                0x080001c0                . = ALIGN (0x4)
 *(.text)
 .text          0x080001c0       0x40 d:/programfiles/gnu arm embedded toolchain/10 2021.10/bin/../lib/gcc/arm-none-eabi/10.3.1/thumb/v7e-m+fp/hard/crtbegin.o
 .text          0x08000200     0x5ee4 d:/programfiles/gnu arm embedded toolchain/10 2021.10/bin/../lib/gcc/arm-none-eabi/10.3.1/../../../../arm-none-eabi/lib/thumb/v7e-m+fp/hard\libstdc++.a(cp-demangle.o)
                0x08005ffc                __cxa_demangle
                0x080060c0                __gcclibcxx_demangle_callback
 .text          0x080060e4      0x378 d:/programfiles/gnu arm embedded toolchain/10 2021.10/bin/../lib/gcc/arm-none-eabi/10.3.1/thumb/v7e-m+fp/hard\libgcc.a(_arm_addsubdf3.o)
                0x080060e4                __aeabi_drsub
                0x080060ec                __aeabi_dsub
                0x080060ec                __subdf3
                0x080060f0                __aeabi_dadd
                0x080060f0                __adddf3
                0x08006368                __floatunsidf
                0x08006368                __aeabi_ui2d
                0x08006388                __floatsidf
                0x08006388                __aeabi_i2d
                0x080063ac                __aeabi_f2d
                0x080063ac                __extendsfdf2
                0x080063f0                __floatundidf
                0x080063f0                __aeabi_ul2d
                0x08006400                __floatdidf
                0x08006400                __aeabi_l2d
 .text          0x0800645c      0x424 d:/programfiles/gnu arm embedded toolchain/10 2021.10/bin/../lib/gcc/arm-none-eabi/10.3.1/thumb/v7e-m+fp/hard\libgcc.a(_arm_muldivdf3.o)
                0x0800645c                __aeabi_dmul
                0x0800645c                __muldf3
                0x080066b0                __divdf3
                0x080066b0                __aeabi_ddiv
 .text          0x08006880      0x110 d:/programfiles/gnu arm embedded toolchain/10 2021.10/bin/../lib/gcc/arm-none-eabi/10.3.1/thumb/v7e-m+fp/hard\libgcc.a(_arm_cmpdf2.o)
                0x08006880                __gtdf2
                0x08006880                __gedf2
                0x08006888                __ltdf2
                0x08006888                __ledf2
                0x08006890                __nedf2
                0x08006890                __eqdf2
                0x08006890                __cmpdf2
                0x0800690c                __aeabi_cdrcmple
                0x0800691c                __aeabi_cdcmpeq
                0x0800691c                __aeabi_cdcmple
                0x0800692c                __aeabi_dcmpeq
                0x08006940                __aeabi_dcmplt
                0x08006954                __aeabi_dcmple
                0x08006968                __aeabi_dcmpge
                0x0800697c                __aeabi_dcmpgt
 .text          0x08006990       0x40 d:/programfiles/gnu arm embedded toolchain/10 2021.10/bin/../lib/gcc/arm-none-eabi/10.3.1/thumb/v7e-m+fp/hard\libgcc.a(_arm_fixunsdfsi.o)
                0x08006990                __aeabi_d2uiz
                0x08006990                __fixunsdfsi
 .text          0x080069d0       0xa0 d:/programfiles/gnu arm embedded toolchain/10 2021.10/bin/../lib/gcc/arm-none-eabi/10.3.1/thumb/v7e-m+fp/hard\libgcc.a(_arm_truncdfsf2.o)
                0x080069d0                __truncdfsf2
                0x080069d0                __aeabi_d2f
 .text          0x08006a70       0x30 d:/programfiles/gnu arm embedded toolchain/10 2021.10/bin/../lib/gcc/arm-none-eabi/10.3.1/thumb/v7e-m+fp/hard\libgcc.a(_aeabi_uldivmod.o)
                0x08006a70                __aeabi_uldivmod
 .text          0x08006aa0      0x2d0 d:/programfiles/gnu arm embedded toolchain/10 2021.10/bin/../lib/gcc/arm-none-eabi/10.3.1/thumb/v7e-m+fp/hard\libgcc.a(_udivmoddi4.o)
                0x08006aa0                __udivmoddi4
 .text          0x08006d70      0x9d8 d:/programfiles/gnu arm embedded toolchain/10 2021.10/bin/../lib/gcc/arm-none-eabi/10.3.1/thumb/v7e-m+fp/hard\libgcc.a(unwind-arm.o)
                0x08007018                _Unwind_GetCFA
                0x0800701c                __gnu_Unwind_RaiseException
                0x08007084                __gnu_Unwind_ForcedUnwind
                0x08007094                __gnu_Unwind_Resume
                0x080070d8                __gnu_Unwind_Resume_or_Rethrow
                0x080070e8                _Unwind_Complete
                0x080070ec                _Unwind_DeleteException
                0x080070f8                _Unwind_VRS_Get
                0x08007144                _Unwind_VRS_Set
                0x0800718c                __gnu_Unwind_Backtrace
                0x080074b8                __aeabi_unwind_cpp_pr0
                0x080074bc                __aeabi_unwind_cpp_pr1
                0x080074c0                __aeabi_unwind_cpp_pr2
                0x080074c4                _Unwind_VRS_Pop
 .text          0x08007748      0x1ac d:/programfiles/gnu arm embedded toolchain/10 2021.10/bin/../lib/gcc/arm-none-eabi/10.3.1/thumb/v7e-m+fp/hard\libgcc.a(libunwind.o)
                0x08007748                __restore_core_regs
                0x08007748                restore_core_regs
                0x08007760                __gnu_Unwind_Restore_VFP
                0x08007768                __gnu_Unwind_Save_VFP
                0x08007770                __gnu_Unwind_Restore_VFP_D
                0x08007778                __gnu_Unwind_Save_VFP_D
                0x08007780                __gnu_Unwind_Restore_VFP_D_16_to_31
                0x08007788                __gnu_Unwind_Save_VFP_D_16_to_31
                0x08007790                __gnu_Unwind_Restore_WMMXD
                0x080077d4                __gnu_Unwind_Save_WMMXD
                0x08007818                __gnu_Unwind_Restore_WMMXC
                0x0800782c                __gnu_Unwind_Save_WMMXC
                0x08007840                ___Unwind_RaiseException
                0x08007840                _Unwind_RaiseException
                0x08007864                _Unwind_Resume
                0x08007864                ___Unwind_Resume
                0x08007888                _Unwind_Resume_or_Rethrow
                0x08007888                ___Unwind_Resume_or_Rethrow
                0x080078ac                _Unwind_ForcedUnwind
                0x080078ac                ___Unwind_ForcedUnwind
                0x080078d0                ___Unwind_Backtrace
                0x080078d0                _Unwind_Backtrace
 .text          0x080078f4      0x350 d:/programfiles/gnu arm embedded toolchain/10 2021.10/bin/../lib/gcc/arm-none-eabi/10.3.1/thumb/v7e-m+fp/hard\libgcc.a(pr-support.o)
                0x0800794c                __gnu_unwind_execute
                0x08007bf8                __gnu_unwind_frame
                0x08007c24                _Unwind_GetRegionStart
                0x08007c30                _Unwind_GetLanguageSpecificData
 .text          0x08007c44        0x4 d:/programfiles/gnu arm embedded toolchain/10 2021.10/bin/../lib/gcc/arm-none-eabi/10.3.1/thumb/v7e-m+fp/hard\libgcc.a(_dvmd_tls.o)
                0x08007c44                __aeabi_idiv0
                0x08007c44                __aeabi_ldiv0
 *fill*         0x08007c48        0x8 
 .text          0x08007c50       0xa0 d:/programfiles/gnu arm embedded toolchain/10 2021.10/bin/../lib/gcc/arm-none-eabi/10.3.1/../../../../arm-none-eabi/lib/thumb/v7e-m+fp/hard\libg.a(lib_a-memchr.o)
                0x08007c50                memchr
 .text          0x08007cf0      0x134 d:/programfiles/gnu arm embedded toolchain/10 2021.10/bin/../lib/gcc/arm-none-eabi/10.3.1/../../../../arm-none-eabi/lib/thumb/v7e-m+fp/hard\libg.a(lib_a-memcpy.o)
                0x08007cf0                memcpy
 *fill*         0x08007e24       0x1c 
 .text          0x08007e40      0x2dc d:/programfiles/gnu arm embedded toolchain/10 2021.10/bin/../lib/gcc/arm-none-eabi/10.3.1/../../../../arm-none-eabi/lib/thumb/v7e-m+fp/hard\libg.a(lib_a-strcmp.o)
                0x08007e48                strcmp
 *fill*         0x0800811c       0x24 
 .text          0x08008140       0xdc d:/programfiles/gnu arm embedded toolchain/10 2021.10/bin/../lib/gcc/arm-none-eabi/10.3.1/../../../../arm-none-eabi/lib/thumb/v7e-m+fp/hard\libg.a(lib_a-strlen.o)
                0x08008140                strlen
 .text          0x0800821c       0x2c d:/programfiles/gnu arm embedded toolchain/10 2021.10/bin/../lib/gcc/arm-none-eabi/10.3.1/thumb/v7e-m+fp/hard\libgcc.a(_arm_unorddf2.o)
                0x0800821c                __unorddf2
                0x0800821c                __aeabi_dcmpun
 .text          0x08008248       0x50 d:/programfiles/gnu arm embedded toolchain/10 2021.10/bin/../lib/gcc/arm-none-eabi/10.3.1/thumb/v7e-m+fp/hard\libgcc.a(_arm_fixdfsi.o)
                0x08008248                __aeabi_d2iz
                0x08008248                __fixdfsi
 .text          0x08008298       0x30 d:/programfiles/gnu arm embedded toolchain/10 2021.10/bin/../lib/gcc/arm-none-eabi/10.3.1/thumb/v7e-m+fp/hard\libgcc.a(_fixdfdi.o)
                0x08008298                __fixdfdi
                0x08008298                __aeabi_d2lz
 .text          0x080082c8       0x3c d:/programfiles/gnu arm embedded toolchain/10 2021.10/bin/../lib/gcc/arm-none-eabi/10.3.1/thumb/v7e-m+fp/hard\libgcc.a(_fixunsdfdi.o)
                0x080082c8                __fixunsdfdi
                0x080082c8                __aeabi_d2ulz
 *(.text*)
 .text.at24cxx_init
                0x08008304        0x8 CMakeFiles/templateDevelopment.elf.dir/BSP/24cxx.c.obj
                0x08008304                at24cxx_init
 .text.at24cxx_read_one_byte
                0x0800830c       0x44 CMakeFiles/templateDevelopment.elf.dir/BSP/24cxx.c.obj
                0x0800830c                at24cxx_read_one_byte
 .text.at24cxx_write_one_byte
                0x08008350       0x3e CMakeFiles/templateDevelopment.elf.dir/BSP/24cxx.c.obj
                0x08008350                at24cxx_write_one_byte
 .text.at24cxx_read
                0x0800838e       0x20 CMakeFiles/templateDevelopment.elf.dir/BSP/24cxx.c.obj
                0x0800838e                at24cxx_read
 .text.at24cxx_write
                0x080083ae       0x22 CMakeFiles/templateDevelopment.elf.dir/BSP/24cxx.c.obj
                0x080083ae                at24cxx_write
 .text.ct_iic_delay
                0x080083d0        0xa CMakeFiles/templateDevelopment.elf.dir/BSP/ctiic.c.obj
 *fill*         0x080083da        0x2 
 .text.ct_iic_start
                0x080083dc       0x48 CMakeFiles/templateDevelopment.elf.dir/BSP/ctiic.c.obj
                0x080083dc                ct_iic_start
 .text.ct_iic_stop
                0x08008424       0x3c CMakeFiles/templateDevelopment.elf.dir/BSP/ctiic.c.obj
                0x08008424                ct_iic_stop
 .text.ct_iic_init
                0x08008460       0x6c CMakeFiles/templateDevelopment.elf.dir/BSP/ctiic.c.obj
                0x08008460                ct_iic_init
 .text.ct_iic_wait_ack
                0x080084cc       0x60 CMakeFiles/templateDevelopment.elf.dir/BSP/ctiic.c.obj
                0x080084cc                ct_iic_wait_ack
 .text.ct_iic_ack
                0x0800852c       0x4c CMakeFiles/templateDevelopment.elf.dir/BSP/ctiic.c.obj
                0x0800852c                ct_iic_ack
 .text.ct_iic_nack
                0x08008578       0x3c CMakeFiles/templateDevelopment.elf.dir/BSP/ctiic.c.obj
                0x08008578                ct_iic_nack
 .text.ct_iic_send_byte
                0x080085b4       0x68 CMakeFiles/templateDevelopment.elf.dir/BSP/ctiic.c.obj
                0x080085b4                ct_iic_send_byte
 .text.ct_iic_read_byte
                0x0800861c       0x60 CMakeFiles/templateDevelopment.elf.dir/BSP/ctiic.c.obj
                0x0800861c                ct_iic_read_byte
 .text.delay_us
                0x0800867c        0xe CMakeFiles/templateDevelopment.elf.dir/BSP/delay.c.obj
                0x0800867c                delay_us
 .text.delay_ms
                0x0800868a        0x8 CMakeFiles/templateDevelopment.elf.dir/BSP/delay.c.obj
                0x0800868a                delay_ms
 .text.ft5206_wr_reg
                0x08008692       0x46 CMakeFiles/templateDevelopment.elf.dir/BSP/ft5206.c.obj
                0x08008692                ft5206_wr_reg
 .text.ft5206_rd_reg
                0x080086d8       0x4e CMakeFiles/templateDevelopment.elf.dir/BSP/ft5206.c.obj
                0x080086d8                ft5206_rd_reg
 *fill*         0x08008726        0x2 
 .text.ft5206_init
                0x08008728      0x10c CMakeFiles/templateDevelopment.elf.dir/BSP/ft5206.c.obj
                0x08008728                ft5206_init
 .text.ft5206_scan
                0x08008834      0x198 CMakeFiles/templateDevelopment.elf.dir/BSP/ft5206.c.obj
                0x08008834                ft5206_scan
 .text.gt9xxx_wr_reg
                0x080089cc       0x50 CMakeFiles/templateDevelopment.elf.dir/BSP/gt9xxx.c.obj
                0x080089cc                gt9xxx_wr_reg
 .text.gt9xxx_rd_reg
                0x08008a1c       0x58 CMakeFiles/templateDevelopment.elf.dir/BSP/gt9xxx.c.obj
                0x08008a1c                gt9xxx_rd_reg
 .text.gt9xxx_init
                0x08008a74      0x10c CMakeFiles/templateDevelopment.elf.dir/BSP/gt9xxx.c.obj
                0x08008a74                gt9xxx_init
 .text.gt9xxx_scan
                0x08008b80      0x318 CMakeFiles/templateDevelopment.elf.dir/BSP/gt9xxx.c.obj
                0x08008b80                gt9xxx_scan
 .text.iic_delay
                0x08008e98        0xa CMakeFiles/templateDevelopment.elf.dir/BSP/myiic.c.obj
 *fill*         0x08008ea2        0x2 
 .text.iic_start
                0x08008ea4       0x48 CMakeFiles/templateDevelopment.elf.dir/BSP/myiic.c.obj
                0x08008ea4                iic_start
 .text.iic_stop
                0x08008eec       0x3c CMakeFiles/templateDevelopment.elf.dir/BSP/myiic.c.obj
                0x08008eec                iic_stop
 .text.iic_init
                0x08008f28       0x6c CMakeFiles/templateDevelopment.elf.dir/BSP/myiic.c.obj
                0x08008f28                iic_init
 .text.iic_wait_ack
                0x08008f94       0x5c CMakeFiles/templateDevelopment.elf.dir/BSP/myiic.c.obj
                0x08008f94                iic_wait_ack
 .text.iic_ack  0x08008ff0       0x4c CMakeFiles/templateDevelopment.elf.dir/BSP/myiic.c.obj
                0x08008ff0                iic_ack
 .text.iic_nack
                0x0800903c       0x3c CMakeFiles/templateDevelopment.elf.dir/BSP/myiic.c.obj
                0x0800903c                iic_nack
 .text.iic_send_byte
                0x08009078       0x68 CMakeFiles/templateDevelopment.elf.dir/BSP/myiic.c.obj
                0x08009078                iic_send_byte
 .text.iic_read_byte
                0x080090e0       0x60 CMakeFiles/templateDevelopment.elf.dir/BSP/myiic.c.obj
                0x080090e0                iic_read_byte
 .text.tp_write_byte
                0x08009140       0x5c CMakeFiles/templateDevelopment.elf.dir/BSP/touch.c.obj
 .text.tp_read_ad
                0x0800919c       0xbc CMakeFiles/templateDevelopment.elf.dir/BSP/touch.c.obj
 .text.tp_read_xoy
                0x08009258       0x98 CMakeFiles/templateDevelopment.elf.dir/BSP/touch.c.obj
 .text.tp_read_xy
                0x080092f0       0x40 CMakeFiles/templateDevelopment.elf.dir/BSP/touch.c.obj
 .text.tp_read_xy2
                0x08009330       0x84 CMakeFiles/templateDevelopment.elf.dir/BSP/touch.c.obj
 .text.tp_scan  0x080093b4       0xf0 CMakeFiles/templateDevelopment.elf.dir/BSP/touch.c.obj
 .text.tp_draw_touch_point
                0x080094a4       0x8a CMakeFiles/templateDevelopment.elf.dir/BSP/touch.c.obj
 *fill*         0x0800952e        0x2 
 .text.tp_adjust_info_show
                0x08009530      0x108 CMakeFiles/templateDevelopment.elf.dir/BSP/touch.c.obj
 .text.tp_save_adjust_data
                0x08009638       0x1c CMakeFiles/templateDevelopment.elf.dir/BSP/touch.c.obj
                0x08009638                tp_save_adjust_data
 .text.tp_get_adjust_data
                0x08009654       0x24 CMakeFiles/templateDevelopment.elf.dir/BSP/touch.c.obj
                0x08009654                tp_get_adjust_data
 .text.tp_adjust
                0x08009678      0x368 CMakeFiles/templateDevelopment.elf.dir/BSP/touch.c.obj
                0x08009678                tp_adjust
 .text.tp_init  0x080099e0      0x18c CMakeFiles/templateDevelopment.elf.dir/BSP/touch.c.obj
                0x080099e0                tp_init
 .text.MX_ADC1_Init
                0x08009b6c       0x70 CMakeFiles/templateDevelopment.elf.dir/Core/Src/adc.c.obj
                0x08009b6c                MX_ADC1_Init
 .text.MX_ADC2_Init
                0x08009bdc       0x6c CMakeFiles/templateDevelopment.elf.dir/Core/Src/adc.c.obj
                0x08009bdc                MX_ADC2_Init
 .text.HAL_ADC_MspInit
                0x08009c48      0x114 CMakeFiles/templateDevelopment.elf.dir/Core/Src/adc.c.obj
                0x08009c48                HAL_ADC_MspInit
 .text.MX_DAC_Init
                0x08009d5c       0x40 CMakeFiles/templateDevelopment.elf.dir/Core/Src/dac.c.obj
                0x08009d5c                MX_DAC_Init
 .text.HAL_DAC_MspInit
                0x08009d9c       0x68 CMakeFiles/templateDevelopment.elf.dir/Core/Src/dac.c.obj
                0x08009d9c                HAL_DAC_MspInit
 .text.MX_DMA_Init
                0x08009e04       0x54 CMakeFiles/templateDevelopment.elf.dir/Core/Src/dma.c.obj
                0x08009e04                MX_DMA_Init
 .text.HAL_FSMC_MspInit
                0x08009e58       0xb4 CMakeFiles/templateDevelopment.elf.dir/Core/Src/fsmc.c.obj
 .text.MX_FSMC_Init
                0x08009f0c       0x90 CMakeFiles/templateDevelopment.elf.dir/Core/Src/fsmc.c.obj
                0x08009f0c                MX_FSMC_Init
 .text.HAL_SRAM_MspInit
                0x08009f9c        0x8 CMakeFiles/templateDevelopment.elf.dir/Core/Src/fsmc.c.obj
                0x08009f9c                HAL_SRAM_MspInit
 .text.MX_GPIO_Init
                0x08009fa4      0x108 CMakeFiles/templateDevelopment.elf.dir/Core/Src/gpio.c.obj
                0x08009fa4                MX_GPIO_Init
 .text.HAL_UART_RxCpltCallback
                0x0800a0ac        0x2 CMakeFiles/templateDevelopment.elf.dir/Core/Src/main.c.obj
                0x0800a0ac                HAL_UART_RxCpltCallback
 .text.Error_Handler
                0x0800a0ae        0x4 CMakeFiles/templateDevelopment.elf.dir/Core/Src/main.c.obj
                0x0800a0ae                Error_Handler
 *fill*         0x0800a0b2        0x2 
 .text.SystemClock_Config
                0x0800a0b4       0x88 CMakeFiles/templateDevelopment.elf.dir/Core/Src/main.c.obj
                0x0800a0b4                SystemClock_Config
 .text.main     0x0800a13c       0x68 CMakeFiles/templateDevelopment.elf.dir/Core/Src/main.c.obj
                0x0800a13c                main
 .text.HAL_MspInit
                0x0800a1a4       0x38 CMakeFiles/templateDevelopment.elf.dir/Core/Src/stm32f4xx_hal_msp.c.obj
                0x0800a1a4                HAL_MspInit
 .text.NMI_Handler
                0x0800a1dc        0x2 CMakeFiles/templateDevelopment.elf.dir/Core/Src/stm32f4xx_it.c.obj
                0x0800a1dc                NMI_Handler
 .text.HardFault_Handler
                0x0800a1de        0x2 CMakeFiles/templateDevelopment.elf.dir/Core/Src/stm32f4xx_it.c.obj
                0x0800a1de                HardFault_Handler
 .text.MemManage_Handler
                0x0800a1e0        0x2 CMakeFiles/templateDevelopment.elf.dir/Core/Src/stm32f4xx_it.c.obj
                0x0800a1e0                MemManage_Handler
 .text.BusFault_Handler
                0x0800a1e2        0x2 CMakeFiles/templateDevelopment.elf.dir/Core/Src/stm32f4xx_it.c.obj
                0x0800a1e2                BusFault_Handler
 .text.UsageFault_Handler
                0x0800a1e4        0x2 CMakeFiles/templateDevelopment.elf.dir/Core/Src/stm32f4xx_it.c.obj
                0x0800a1e4                UsageFault_Handler
 .text.SVC_Handler
                0x0800a1e6        0x2 CMakeFiles/templateDevelopment.elf.dir/Core/Src/stm32f4xx_it.c.obj
                0x0800a1e6                SVC_Handler
 .text.DebugMon_Handler
                0x0800a1e8        0x2 CMakeFiles/templateDevelopment.elf.dir/Core/Src/stm32f4xx_it.c.obj
                0x0800a1e8                DebugMon_Handler
 .text.PendSV_Handler
                0x0800a1ea        0x2 CMakeFiles/templateDevelopment.elf.dir/Core/Src/stm32f4xx_it.c.obj
                0x0800a1ea                PendSV_Handler
 .text.SysTick_Handler
                0x0800a1ec        0x8 CMakeFiles/templateDevelopment.elf.dir/Core/Src/stm32f4xx_it.c.obj
                0x0800a1ec                SysTick_Handler
 .text.ADC_IRQHandler
                0x0800a1f4       0x18 CMakeFiles/templateDevelopment.elf.dir/Core/Src/stm32f4xx_it.c.obj
                0x0800a1f4                ADC_IRQHandler
 .text.USART1_IRQHandler
                0x0800a20c       0x18 CMakeFiles/templateDevelopment.elf.dir/Core/Src/stm32f4xx_it.c.obj
                0x0800a20c                USART1_IRQHandler
 .text.DMA2_Stream0_IRQHandler
                0x0800a224       0x10 CMakeFiles/templateDevelopment.elf.dir/Core/Src/stm32f4xx_it.c.obj
                0x0800a224                DMA2_Stream0_IRQHandler
 .text.DMA2_Stream2_IRQHandler
                0x0800a234       0x10 CMakeFiles/templateDevelopment.elf.dir/Core/Src/stm32f4xx_it.c.obj
                0x0800a234                DMA2_Stream2_IRQHandler
 .text.DMA2_Stream7_IRQHandler
                0x0800a244       0x10 CMakeFiles/templateDevelopment.elf.dir/Core/Src/stm32f4xx_it.c.obj
                0x0800a244                DMA2_Stream7_IRQHandler
 .text._getpid  0x0800a254        0x4 CMakeFiles/templateDevelopment.elf.dir/Core/Src/syscalls.c.obj
                0x0800a254                _getpid
 .text._kill    0x0800a258       0x10 CMakeFiles/templateDevelopment.elf.dir/Core/Src/syscalls.c.obj
                0x0800a258                _kill
 .text._exit    0x0800a268        0xc CMakeFiles/templateDevelopment.elf.dir/Core/Src/syscalls.c.obj
                0x0800a268                _exit
 .text._read    0x0800a274       0x20 CMakeFiles/templateDevelopment.elf.dir/Core/Src/syscalls.c.obj
                0x0800a274                _read
 .text._write   0x0800a294       0x1c CMakeFiles/templateDevelopment.elf.dir/Core/Src/syscalls.c.obj
                0x0800a294                _write
 .text._close   0x0800a2b0        0x6 CMakeFiles/templateDevelopment.elf.dir/Core/Src/syscalls.c.obj
                0x0800a2b0                _close
 .text._fstat   0x0800a2b6        0xa CMakeFiles/templateDevelopment.elf.dir/Core/Src/syscalls.c.obj
                0x0800a2b6                _fstat
 .text._isatty  0x0800a2c0        0x4 CMakeFiles/templateDevelopment.elf.dir/Core/Src/syscalls.c.obj
                0x0800a2c0                _isatty
 .text._lseek   0x0800a2c4        0x4 CMakeFiles/templateDevelopment.elf.dir/Core/Src/syscalls.c.obj
                0x0800a2c4                _lseek
 .text._sbrk    0x0800a2c8       0x48 CMakeFiles/templateDevelopment.elf.dir/Core/Src/sysmem.c.obj
                0x0800a2c8                _sbrk
 .text.SystemInit
                0x0800a310       0x14 CMakeFiles/templateDevelopment.elf.dir/Core/Src/system_stm32f4xx.c.obj
                0x0800a310                SystemInit
 .text.MX_TIM3_Init
                0x0800a324       0x70 CMakeFiles/templateDevelopment.elf.dir/Core/Src/tim.c.obj
                0x0800a324                MX_TIM3_Init
 .text.HAL_TIM_Base_MspInit
                0x0800a394       0x30 CMakeFiles/templateDevelopment.elf.dir/Core/Src/tim.c.obj
                0x0800a394                HAL_TIM_Base_MspInit
 .text.MX_USART1_UART_Init
                0x0800a3c4       0x34 CMakeFiles/templateDevelopment.elf.dir/Core/Src/usart.c.obj
                0x0800a3c4                MX_USART1_UART_Init
 .text.HAL_UART_MspInit
                0x0800a3f8      0x100 CMakeFiles/templateDevelopment.elf.dir/Core/Src/usart.c.obj
                0x0800a3f8                HAL_UART_MspInit
 .text.Reset_Handler
                0x0800a4f8       0x50 CMakeFiles/templateDevelopment.elf.dir/Core/Startup/startup_stm32f407zgtx.s.obj
                0x0800a4f8                Reset_Handler
 .text.Default_Handler
                0x0800a548        0x2 CMakeFiles/templateDevelopment.elf.dir/Core/Startup/startup_stm32f407zgtx.s.obj
                0x0800a548                RTC_Alarm_IRQHandler
                0x0800a548                HASH_RNG_IRQHandler
                0x0800a548                EXTI2_IRQHandler
                0x0800a548                TIM8_CC_IRQHandler
                0x0800a548                TIM1_CC_IRQHandler
                0x0800a548                DMA2_Stream5_IRQHandler
                0x0800a548                DMA1_Stream5_IRQHandler
                0x0800a548                PVD_IRQHandler
                0x0800a548                SDIO_IRQHandler
                0x0800a548                TAMP_STAMP_IRQHandler
                0x0800a548                CAN2_RX1_IRQHandler
                0x0800a548                EXTI3_IRQHandler
                0x0800a548                TIM8_TRG_COM_TIM14_IRQHandler
                0x0800a548                TIM1_UP_TIM10_IRQHandler
                0x0800a548                TIM8_UP_TIM13_IRQHandler
                0x0800a548                I2C3_ER_IRQHandler
                0x0800a548                EXTI0_IRQHandler
                0x0800a548                I2C2_EV_IRQHandler
                0x0800a548                DMA1_Stream2_IRQHandler
                0x0800a548                CAN1_RX0_IRQHandler
                0x0800a548                FPU_IRQHandler
                0x0800a548                OTG_HS_WKUP_IRQHandler
                0x0800a548                CAN2_SCE_IRQHandler
                0x0800a548                SPI1_IRQHandler
                0x0800a548                TIM6_DAC_IRQHandler
                0x0800a548                TIM1_BRK_TIM9_IRQHandler
                0x0800a548                DCMI_IRQHandler
                0x0800a548                CAN2_RX0_IRQHandler
                0x0800a548                DMA2_Stream3_IRQHandler
                0x0800a548                USART6_IRQHandler
                0x0800a548                USART3_IRQHandler
                0x0800a548                CAN1_RX1_IRQHandler
                0x0800a548                UART5_IRQHandler
                0x0800a548                TIM4_IRQHandler
                0x0800a548                I2C1_EV_IRQHandler
                0x0800a548                DMA1_Stream6_IRQHandler
                0x0800a548                DMA1_Stream1_IRQHandler
                0x0800a548                UART4_IRQHandler
                0x0800a548                TIM3_IRQHandler
                0x0800a548                RCC_IRQHandler
                0x0800a548                TIM8_BRK_TIM12_IRQHandler
                0x0800a548                Default_Handler
                0x0800a548                EXTI15_10_IRQHandler
                0x0800a548                DMA1_Stream7_IRQHandler
                0x0800a548                TIM7_IRQHandler
                0x0800a548                CAN2_TX_IRQHandler
                0x0800a548                TIM5_IRQHandler
                0x0800a548                I2C3_EV_IRQHandler
                0x0800a548                EXTI9_5_IRQHandler
                0x0800a548                RTC_WKUP_IRQHandler
                0x0800a548                ETH_WKUP_IRQHandler
                0x0800a548                SPI2_IRQHandler
                0x0800a548                OTG_HS_EP1_IN_IRQHandler
                0x0800a548                DMA1_Stream0_IRQHandler
                0x0800a548                CAN1_TX_IRQHandler
                0x0800a548                EXTI4_IRQHandler
                0x0800a548                FSMC_IRQHandler
                0x0800a548                ETH_IRQHandler
                0x0800a548                OTG_HS_EP1_OUT_IRQHandler
                0x0800a548                WWDG_IRQHandler
                0x0800a548                TIM2_IRQHandler
                0x0800a548                OTG_FS_WKUP_IRQHandler
                0x0800a548                TIM1_TRG_COM_TIM11_IRQHandler
                0x0800a548                OTG_HS_IRQHandler
                0x0800a548                EXTI1_IRQHandler
                0x0800a548                USART2_IRQHandler
                0x0800a548                I2C2_ER_IRQHandler
                0x0800a548                DMA2_Stream1_IRQHandler
                0x0800a548                CAN1_SCE_IRQHandler
                0x0800a548                FLASH_IRQHandler
                0x0800a548                DMA2_Stream4_IRQHandler
                0x0800a548                OTG_FS_IRQHandler
                0x0800a548                SPI3_IRQHandler
                0x0800a548                DMA1_Stream4_IRQHandler
                0x0800a548                I2C1_ER_IRQHandler
                0x0800a548                DMA2_Stream6_IRQHandler
                0x0800a548                DMA1_Stream3_IRQHandler
 *fill*         0x0800a54a        0x2 
 .text.HAL_InitTick
                0x0800a54c       0x4c CMakeFiles/templateDevelopment.elf.dir/Drivers/STM32F4xx_HAL_Driver/Src/stm32f4xx_hal.c.obj
                0x0800a54c                HAL_InitTick
 .text.HAL_Init
                0x0800a598       0x34 CMakeFiles/templateDevelopment.elf.dir/Drivers/STM32F4xx_HAL_Driver/Src/stm32f4xx_hal.c.obj
                0x0800a598                HAL_Init
 .text.HAL_IncTick
                0x0800a5cc       0x18 CMakeFiles/templateDevelopment.elf.dir/Drivers/STM32F4xx_HAL_Driver/Src/stm32f4xx_hal.c.obj
                0x0800a5cc                HAL_IncTick
 .text.HAL_GetTick
                0x0800a5e4        0xc CMakeFiles/templateDevelopment.elf.dir/Drivers/STM32F4xx_HAL_Driver/Src/stm32f4xx_hal.c.obj
                0x0800a5e4                HAL_GetTick
 .text.HAL_Delay
                0x0800a5f0       0x28 CMakeFiles/templateDevelopment.elf.dir/Drivers/STM32F4xx_HAL_Driver/Src/stm32f4xx_hal.c.obj
                0x0800a5f0                HAL_Delay
 .text.ADC_Init
                0x0800a618      0x134 CMakeFiles/templateDevelopment.elf.dir/Drivers/STM32F4xx_HAL_Driver/Src/stm32f4xx_hal_adc.c.obj
 .text.HAL_ADC_Init
                0x0800a74c       0x56 CMakeFiles/templateDevelopment.elf.dir/Drivers/STM32F4xx_HAL_Driver/Src/stm32f4xx_hal_adc.c.obj
                0x0800a74c                HAL_ADC_Init
 *fill*         0x0800a7a2        0x2 
 .text.HAL_ADC_Start
                0x0800a7a4      0x144 CMakeFiles/templateDevelopment.elf.dir/Drivers/STM32F4xx_HAL_Driver/Src/stm32f4xx_hal_adc.c.obj
                0x0800a7a4                HAL_ADC_Start
 .text.HAL_ADC_PollForConversion
                0x0800a8e8       0xb8 CMakeFiles/templateDevelopment.elf.dir/Drivers/STM32F4xx_HAL_Driver/Src/stm32f4xx_hal_adc.c.obj
                0x0800a8e8                HAL_ADC_PollForConversion
 .text.HAL_ADC_GetValue
                0x0800a9a0        0x6 CMakeFiles/templateDevelopment.elf.dir/Drivers/STM32F4xx_HAL_Driver/Src/stm32f4xx_hal_adc.c.obj
                0x0800a9a0                HAL_ADC_GetValue
 .text.HAL_ADC_ConvCpltCallback
                0x0800a9a6        0x2 CMakeFiles/templateDevelopment.elf.dir/Drivers/STM32F4xx_HAL_Driver/Src/stm32f4xx_hal_adc.c.obj
                0x0800a9a6                HAL_ADC_ConvCpltCallback
 .text.HAL_ADC_LevelOutOfWindowCallback
                0x0800a9a8        0x2 CMakeFiles/templateDevelopment.elf.dir/Drivers/STM32F4xx_HAL_Driver/Src/stm32f4xx_hal_adc.c.obj
                0x0800a9a8                HAL_ADC_LevelOutOfWindowCallback
 .text.HAL_ADC_ErrorCallback
                0x0800a9aa        0x2 CMakeFiles/templateDevelopment.elf.dir/Drivers/STM32F4xx_HAL_Driver/Src/stm32f4xx_hal_adc.c.obj
                0x0800a9aa                HAL_ADC_ErrorCallback
 .text.HAL_ADC_IRQHandler
                0x0800a9ac      0x142 CMakeFiles/templateDevelopment.elf.dir/Drivers/STM32F4xx_HAL_Driver/Src/stm32f4xx_hal_adc.c.obj
                0x0800a9ac                HAL_ADC_IRQHandler
 *fill*         0x0800aaee        0x2 
 .text.HAL_ADC_ConfigChannel
                0x0800aaf0      0x198 CMakeFiles/templateDevelopment.elf.dir/Drivers/STM32F4xx_HAL_Driver/Src/stm32f4xx_hal_adc.c.obj
                0x0800aaf0                HAL_ADC_ConfigChannel
 .text.HAL_ADC_GetState
                0x0800ac88        0x4 CMakeFiles/templateDevelopment.elf.dir/Drivers/STM32F4xx_HAL_Driver/Src/stm32f4xx_hal_adc.c.obj
                0x0800ac88                HAL_ADC_GetState
 .text.HAL_ADCEx_InjectedConvCpltCallback
                0x0800ac8c        0x2 CMakeFiles/templateDevelopment.elf.dir/Drivers/STM32F4xx_HAL_Driver/Src/stm32f4xx_hal_adc_ex.c.obj
                0x0800ac8c                HAL_ADCEx_InjectedConvCpltCallback
 *fill*         0x0800ac8e        0x2 
 .text.HAL_NVIC_SetPriorityGrouping
                0x0800ac90       0x24 CMakeFiles/templateDevelopment.elf.dir/Drivers/STM32F4xx_HAL_Driver/Src/stm32f4xx_hal_cortex.c.obj
                0x0800ac90                HAL_NVIC_SetPriorityGrouping
 .text.HAL_NVIC_SetPriority
                0x0800acb4       0x70 CMakeFiles/templateDevelopment.elf.dir/Drivers/STM32F4xx_HAL_Driver/Src/stm32f4xx_hal_cortex.c.obj
                0x0800acb4                HAL_NVIC_SetPriority
 .text.HAL_NVIC_EnableIRQ
                0x0800ad24       0x1c CMakeFiles/templateDevelopment.elf.dir/Drivers/STM32F4xx_HAL_Driver/Src/stm32f4xx_hal_cortex.c.obj
                0x0800ad24                HAL_NVIC_EnableIRQ
 .text.HAL_SYSTICK_Config
                0x0800ad40       0x28 CMakeFiles/templateDevelopment.elf.dir/Drivers/STM32F4xx_HAL_Driver/Src/stm32f4xx_hal_cortex.c.obj
                0x0800ad40                HAL_SYSTICK_Config
 .text.HAL_DAC_Init
                0x0800ad68       0x24 CMakeFiles/templateDevelopment.elf.dir/Drivers/STM32F4xx_HAL_Driver/Src/stm32f4xx_hal_dac.c.obj
                0x0800ad68                HAL_DAC_Init
 .text.HAL_DAC_Start
                0x0800ad8c       0x68 CMakeFiles/templateDevelopment.elf.dir/Drivers/STM32F4xx_HAL_Driver/Src/stm32f4xx_hal_dac.c.obj
                0x0800ad8c                HAL_DAC_Start
 .text.HAL_DAC_SetValue
                0x0800adf4       0x2e CMakeFiles/templateDevelopment.elf.dir/Drivers/STM32F4xx_HAL_Driver/Src/stm32f4xx_hal_dac.c.obj
                0x0800adf4                HAL_DAC_SetValue
 .text.HAL_DAC_ConfigChannel
                0x0800ae22       0x56 CMakeFiles/templateDevelopment.elf.dir/Drivers/STM32F4xx_HAL_Driver/Src/stm32f4xx_hal_dac.c.obj
                0x0800ae22                HAL_DAC_ConfigChannel
 .text.DMA_CalcBaseAndBitshift
                0x0800ae78       0x44 CMakeFiles/templateDevelopment.elf.dir/Drivers/STM32F4xx_HAL_Driver/Src/stm32f4xx_hal_dma.c.obj
 .text.DMA_CheckFifoParam
                0x0800aebc       0x8e CMakeFiles/templateDevelopment.elf.dir/Drivers/STM32F4xx_HAL_Driver/Src/stm32f4xx_hal_dma.c.obj
 *fill*         0x0800af4a        0x2 
 .text.HAL_DMA_Init
                0x0800af4c       0xcc CMakeFiles/templateDevelopment.elf.dir/Drivers/STM32F4xx_HAL_Driver/Src/stm32f4xx_hal_dma.c.obj
                0x0800af4c                HAL_DMA_Init
 .text.HAL_DMA_Abort
                0x0800b018       0x94 CMakeFiles/templateDevelopment.elf.dir/Drivers/STM32F4xx_HAL_Driver/Src/stm32f4xx_hal_dma.c.obj
                0x0800b018                HAL_DMA_Abort
 .text.HAL_DMA_Abort_IT
                0x0800b0ac       0x26 CMakeFiles/templateDevelopment.elf.dir/Drivers/STM32F4xx_HAL_Driver/Src/stm32f4xx_hal_dma.c.obj
                0x0800b0ac                HAL_DMA_Abort_IT
 *fill*         0x0800b0d2        0x2 
 .text.HAL_DMA_IRQHandler
                0x0800b0d4      0x1dc CMakeFiles/templateDevelopment.elf.dir/Drivers/STM32F4xx_HAL_Driver/Src/stm32f4xx_hal_dma.c.obj
                0x0800b0d4                HAL_DMA_IRQHandler
 .text.HAL_GPIO_Init
                0x0800b2b0      0x1e4 CMakeFiles/templateDevelopment.elf.dir/Drivers/STM32F4xx_HAL_Driver/Src/stm32f4xx_hal_gpio.c.obj
                0x0800b2b0                HAL_GPIO_Init
 .text.HAL_GPIO_ReadPin
                0x0800b494        0xe CMakeFiles/templateDevelopment.elf.dir/Drivers/STM32F4xx_HAL_Driver/Src/stm32f4xx_hal_gpio.c.obj
                0x0800b494                HAL_GPIO_ReadPin
 .text.HAL_GPIO_WritePin
                0x0800b4a2        0xc CMakeFiles/templateDevelopment.elf.dir/Drivers/STM32F4xx_HAL_Driver/Src/stm32f4xx_hal_gpio.c.obj
                0x0800b4a2                HAL_GPIO_WritePin
 *fill*         0x0800b4ae        0x2 
 .text.HAL_RCC_OscConfig
                0x0800b4b0      0x3f8 CMakeFiles/templateDevelopment.elf.dir/Drivers/STM32F4xx_HAL_Driver/Src/stm32f4xx_hal_rcc.c.obj
                0x0800b4b0                HAL_RCC_OscConfig
 .text.HAL_RCC_GetSysClockFreq
                0x0800b8a8       0xa4 CMakeFiles/templateDevelopment.elf.dir/Drivers/STM32F4xx_HAL_Driver/Src/stm32f4xx_hal_rcc.c.obj
                0x0800b8a8                HAL_RCC_GetSysClockFreq
 .text.HAL_RCC_ClockConfig
                0x0800b94c      0x160 CMakeFiles/templateDevelopment.elf.dir/Drivers/STM32F4xx_HAL_Driver/Src/stm32f4xx_hal_rcc.c.obj
                0x0800b94c                HAL_RCC_ClockConfig
 .text.HAL_RCC_GetHCLKFreq
                0x0800baac        0xc CMakeFiles/templateDevelopment.elf.dir/Drivers/STM32F4xx_HAL_Driver/Src/stm32f4xx_hal_rcc.c.obj
                0x0800baac                HAL_RCC_GetHCLKFreq
 .text.HAL_RCC_GetPCLK1Freq
                0x0800bab8       0x20 CMakeFiles/templateDevelopment.elf.dir/Drivers/STM32F4xx_HAL_Driver/Src/stm32f4xx_hal_rcc.c.obj
                0x0800bab8                HAL_RCC_GetPCLK1Freq
 .text.HAL_RCC_GetPCLK2Freq
                0x0800bad8       0x20 CMakeFiles/templateDevelopment.elf.dir/Drivers/STM32F4xx_HAL_Driver/Src/stm32f4xx_hal_rcc.c.obj
                0x0800bad8                HAL_RCC_GetPCLK2Freq
 .text.HAL_SRAM_Init
                0x0800baf8       0x58 CMakeFiles/templateDevelopment.elf.dir/Drivers/STM32F4xx_HAL_Driver/Src/stm32f4xx_hal_sram.c.obj
                0x0800baf8                HAL_SRAM_Init
 .text.TIM_TI1_ConfigInputStage
                0x0800bb50       0x26 CMakeFiles/templateDevelopment.elf.dir/Drivers/STM32F4xx_HAL_Driver/Src/stm32f4xx_hal_tim.c.obj
 .text.TIM_TI2_ConfigInputStage
                0x0800bb76       0x28 CMakeFiles/templateDevelopment.elf.dir/Drivers/STM32F4xx_HAL_Driver/Src/stm32f4xx_hal_tim.c.obj
 .text.TIM_ITRx_SetConfig
                0x0800bb9e       0x10 CMakeFiles/templateDevelopment.elf.dir/Drivers/STM32F4xx_HAL_Driver/Src/stm32f4xx_hal_tim.c.obj
 *fill*         0x0800bbae        0x2 
 .text.TIM_Base_SetConfig
                0x0800bbb0       0xc8 CMakeFiles/templateDevelopment.elf.dir/Drivers/STM32F4xx_HAL_Driver/Src/stm32f4xx_hal_tim.c.obj
                0x0800bbb0                TIM_Base_SetConfig
 .text.HAL_TIM_Base_Init
                0x0800bc78       0x58 CMakeFiles/templateDevelopment.elf.dir/Drivers/STM32F4xx_HAL_Driver/Src/stm32f4xx_hal_tim.c.obj
                0x0800bc78                HAL_TIM_Base_Init
 .text.TIM_ETR_SetConfig
                0x0800bcd0       0x1a CMakeFiles/templateDevelopment.elf.dir/Drivers/STM32F4xx_HAL_Driver/Src/stm32f4xx_hal_tim.c.obj
                0x0800bcd0                TIM_ETR_SetConfig
 .text.HAL_TIM_ConfigClockSource
                0x0800bcea       0xfe CMakeFiles/templateDevelopment.elf.dir/Drivers/STM32F4xx_HAL_Driver/Src/stm32f4xx_hal_tim.c.obj
                0x0800bcea                HAL_TIM_ConfigClockSource
 .text.HAL_TIMEx_MasterConfigSynchronization
                0x0800bde8       0x8c CMakeFiles/templateDevelopment.elf.dir/Drivers/STM32F4xx_HAL_Driver/Src/stm32f4xx_hal_tim_ex.c.obj
                0x0800bde8                HAL_TIMEx_MasterConfigSynchronization
 .text.UART_EndTxTransfer
                0x0800be74       0x20 CMakeFiles/templateDevelopment.elf.dir/Drivers/STM32F4xx_HAL_Driver/Src/stm32f4xx_hal_uart.c.obj
 .text.UART_EndRxTransfer
                0x0800be94       0x5c CMakeFiles/templateDevelopment.elf.dir/Drivers/STM32F4xx_HAL_Driver/Src/stm32f4xx_hal_uart.c.obj
 .text.UART_Transmit_IT
                0x0800bef0       0x60 CMakeFiles/templateDevelopment.elf.dir/Drivers/STM32F4xx_HAL_Driver/Src/stm32f4xx_hal_uart.c.obj
 .text.UART_SetConfig
                0x0800bf50      0x110 CMakeFiles/templateDevelopment.elf.dir/Drivers/STM32F4xx_HAL_Driver/Src/stm32f4xx_hal_uart.c.obj
 .text.UART_WaitOnFlagUntilTimeout
                0x0800c060       0x88 CMakeFiles/templateDevelopment.elf.dir/Drivers/STM32F4xx_HAL_Driver/Src/stm32f4xx_hal_uart.c.obj
 .text.HAL_UART_Init
                0x0800c0e8       0x5e CMakeFiles/templateDevelopment.elf.dir/Drivers/STM32F4xx_HAL_Driver/Src/stm32f4xx_hal_uart.c.obj
                0x0800c0e8                HAL_UART_Init
 .text.HAL_UART_Transmit
                0x0800c146       0xd8 CMakeFiles/templateDevelopment.elf.dir/Drivers/STM32F4xx_HAL_Driver/Src/stm32f4xx_hal_uart.c.obj
                0x0800c146                HAL_UART_Transmit
 .text.HAL_UART_DMAStop
                0x0800c21e       0x84 CMakeFiles/templateDevelopment.elf.dir/Drivers/STM32F4xx_HAL_Driver/Src/stm32f4xx_hal_uart.c.obj
                0x0800c21e                HAL_UART_DMAStop
 .text.HAL_UART_TxCpltCallback
                0x0800c2a2        0x2 CMakeFiles/templateDevelopment.elf.dir/Drivers/STM32F4xx_HAL_Driver/Src/stm32f4xx_hal_uart.c.obj
                0x0800c2a2                HAL_UART_TxCpltCallback
 .text.UART_EndTransmit_IT
                0x0800c2a4       0x1a CMakeFiles/templateDevelopment.elf.dir/Drivers/STM32F4xx_HAL_Driver/Src/stm32f4xx_hal_uart.c.obj
 .text.HAL_UART_ErrorCallback
                0x0800c2be        0x2 CMakeFiles/templateDevelopment.elf.dir/Drivers/STM32F4xx_HAL_Driver/Src/stm32f4xx_hal_uart.c.obj
                0x0800c2be                HAL_UART_ErrorCallback
 .text.UART_DMAAbortOnError
                0x0800c2c0       0x10 CMakeFiles/templateDevelopment.elf.dir/Drivers/STM32F4xx_HAL_Driver/Src/stm32f4xx_hal_uart.c.obj
 .text.HAL_UARTEx_RxEventCallback
                0x0800c2d0        0x2 CMakeFiles/templateDevelopment.elf.dir/Drivers/STM32F4xx_HAL_Driver/Src/stm32f4xx_hal_uart.c.obj
                0x0800c2d0                HAL_UARTEx_RxEventCallback
 .text.UART_Receive_IT
                0x0800c2d2       0xe2 CMakeFiles/templateDevelopment.elf.dir/Drivers/STM32F4xx_HAL_Driver/Src/stm32f4xx_hal_uart.c.obj
 .text.HAL_UART_IRQHandler
                0x0800c3b4      0x280 CMakeFiles/templateDevelopment.elf.dir/Drivers/STM32F4xx_HAL_Driver/Src/stm32f4xx_hal_uart.c.obj
                0x0800c3b4                HAL_UART_IRQHandler
 .text.FSMC_NORSRAM_Init
                0x0800c634       0x6c CMakeFiles/templateDevelopment.elf.dir/Drivers/STM32F4xx_HAL_Driver/Src/stm32f4xx_ll_fsmc.c.obj
                0x0800c634                FSMC_NORSRAM_Init
 .text.FSMC_NORSRAM_Timing_Init
                0x0800c6a0       0x44 CMakeFiles/templateDevelopment.elf.dir/Drivers/STM32F4xx_HAL_Driver/Src/stm32f4xx_ll_fsmc.c.obj
                0x0800c6a0                FSMC_NORSRAM_Timing_Init
 .text.FSMC_NORSRAM_Extended_Timing_Init
                0x0800c6e4       0x44 CMakeFiles/templateDevelopment.elf.dir/Drivers/STM32F4xx_HAL_Driver/Src/stm32f4xx_ll_fsmc.c.obj
                0x0800c6e4                FSMC_NORSRAM_Extended_Timing_Init
 .text.lcd_rd_data
                0x0800c728       0x1a CMakeFiles/templateDevelopment.elf.dir/LCD/lcd.c.obj
 .text.lcd_pow  0x0800c742       0x16 CMakeFiles/templateDevelopment.elf.dir/LCD/lcd.c.obj
 .text.lcd_wr_data
                0x0800c758       0x22 CMakeFiles/templateDevelopment.elf.dir/LCD/lcd.c.obj
                0x0800c758                lcd_wr_data
 .text.lcd_wr_regno
                0x0800c77a       0x22 CMakeFiles/templateDevelopment.elf.dir/LCD/lcd.c.obj
                0x0800c77a                lcd_wr_regno
 .text.lcd_ex_st7789_reginit
                0x0800c79c      0x1a8 CMakeFiles/templateDevelopment.elf.dir/LCD/lcd.c.obj
                0x0800c79c                lcd_ex_st7789_reginit
 .text.lcd_ex_ili9341_reginit
                0x0800c944      0x22c CMakeFiles/templateDevelopment.elf.dir/LCD/lcd.c.obj
                0x0800c944                lcd_ex_ili9341_reginit
 .text.lcd_ex_nt35310_reginit
                0x0800cb70      0xef2 CMakeFiles/templateDevelopment.elf.dir/LCD/lcd.c.obj
                0x0800cb70                lcd_ex_nt35310_reginit
 .text.lcd_ex_ssd1963_reginit
                0x0800da62      0x16e CMakeFiles/templateDevelopment.elf.dir/LCD/lcd.c.obj
                0x0800da62                lcd_ex_ssd1963_reginit
 .text.lcd_write_reg
                0x0800dbd0        0xe CMakeFiles/templateDevelopment.elf.dir/LCD/lcd.c.obj
                0x0800dbd0                lcd_write_reg
 .text.lcd_ex_nt35510_reginit
                0x0800dbde      0xefc CMakeFiles/templateDevelopment.elf.dir/LCD/lcd.c.obj
                0x0800dbde                lcd_ex_nt35510_reginit
 *fill*         0x0800eada        0x2 
 .text.lcd_write_ram_prepare
                0x0800eadc       0x14 CMakeFiles/templateDevelopment.elf.dir/LCD/lcd.c.obj
                0x0800eadc                lcd_write_ram_prepare
 .text.lcd_set_cursor
                0x0800eaf0      0x10c CMakeFiles/templateDevelopment.elf.dir/LCD/lcd.c.obj
                0x0800eaf0                lcd_set_cursor
 .text.lcd_scan_dir
                0x0800ebfc      0x1d8 CMakeFiles/templateDevelopment.elf.dir/LCD/lcd.c.obj
                0x0800ebfc                lcd_scan_dir
 .text.lcd_draw_point
                0x0800edd4       0x18 CMakeFiles/templateDevelopment.elf.dir/LCD/lcd.c.obj
                0x0800edd4                lcd_draw_point
 *fill*         0x0800edec        0x4 
 .text.lcd_ssd_backlight_set
                0x0800edf0       0x50 CMakeFiles/templateDevelopment.elf.dir/LCD/lcd.c.obj
                0x0800edf0                lcd_ssd_backlight_set
 .text.lcd_display_dir
                0x0800ee40      0x118 CMakeFiles/templateDevelopment.elf.dir/LCD/lcd.c.obj
                0x0800ee40                lcd_display_dir
 .text.lcd_clear
                0x0800ef58       0x34 CMakeFiles/templateDevelopment.elf.dir/LCD/lcd.c.obj
                0x0800ef58                lcd_clear
 .text.lcd_init
                0x0800ef8c      0x354 CMakeFiles/templateDevelopment.elf.dir/LCD/lcd.c.obj
                0x0800ef8c                lcd_init
 .text.lcd_fill
                0x0800f2e0       0x44 CMakeFiles/templateDevelopment.elf.dir/LCD/lcd.c.obj
                0x0800f2e0                lcd_fill
 .text.lcd_draw_line
                0x0800f324       0xa6 CMakeFiles/templateDevelopment.elf.dir/LCD/lcd.c.obj
                0x0800f324                lcd_draw_line
 .text.lcd_draw_rectangle
                0x0800f3ca       0x52 CMakeFiles/templateDevelopment.elf.dir/LCD/lcd.c.obj
                0x0800f3ca                lcd_draw_rectangle
 .text.lcd_draw_circle
                0x0800f41c       0xe0 CMakeFiles/templateDevelopment.elf.dir/LCD/lcd.c.obj
                0x0800f41c                lcd_draw_circle
 .text.lcd_show_char
                0x0800f4fc      0x118 CMakeFiles/templateDevelopment.elf.dir/LCD/lcd.c.obj
                0x0800f4fc                lcd_show_char
 .text.lcd_show_xnum
                0x0800f614       0xc8 CMakeFiles/templateDevelopment.elf.dir/LCD/lcd.c.obj
                0x0800f614                lcd_show_xnum
 .text.lcd_show_string
                0x0800f6dc       0x62 CMakeFiles/templateDevelopment.elf.dir/LCD/lcd.c.obj
                0x0800f6dc                lcd_show_string
 .text._ZN5MyADCC2EP17ADC_HandleTypeDef
                0x0800f73e        0xe CMakeFiles/templateDevelopment.elf.dir/myApplcation/MyADC_cpp.cpp.obj
                0x0800f73e                MyADC::MyADC(ADC_HandleTypeDef*)
                0x0800f73e                MyADC::MyADC(ADC_HandleTypeDef*)
 .text._ZN5MyADCD2Ev
                0x0800f74c        0x2 CMakeFiles/templateDevelopment.elf.dir/myApplcation/MyADC_cpp.cpp.obj
                0x0800f74c                MyADC::~MyADC()
                0x0800f74c                MyADC::~MyADC()
 *fill*         0x0800f74e        0x2 
 .text._ZN5MyADC16myADCGetADCValueEv
                0x0800f750       0x68 CMakeFiles/templateDevelopment.elf.dir/myApplcation/MyADC_cpp.cpp.obj
                0x0800f750                MyADC::myADCGetADCValue()
 .text._ZN5MyDACC2EP17DAC_HandleTypeDefm
                0x0800f7b8        0xa CMakeFiles/templateDevelopment.elf.dir/myApplcation/MyDAC.cpp.obj
                0x0800f7b8                MyDAC::MyDAC(DAC_HandleTypeDef*, unsigned long)
                0x0800f7b8                MyDAC::MyDAC(DAC_HandleTypeDef*, unsigned long)
 .text._ZN5MyDAC13MyDACSetValueEm
                0x0800f7c2       0x10 CMakeFiles/templateDevelopment.elf.dir/myApplcation/MyDAC.cpp.obj
                0x0800f7c2                MyDAC::MyDACSetValue(unsigned long)
 .text._ZN5MyDAC10MyDACStartEv
                0x0800f7d2        0xc CMakeFiles/templateDevelopment.elf.dir/myApplcation/MyDAC.cpp.obj
                0x0800f7d2                MyDAC::MyDACStart()
 *fill*         0x0800f7de        0x2 
 .text._ZN5MyKey14ScanPressedKeyEm
                0x0800f7e0       0x68 CMakeFiles/templateDevelopment.elf.dir/myApplcation/MyKey.cpp.obj
                0x0800f7e0                MyKey::ScanPressedKey(unsigned long)
 .text._ZN5MyKey7KeyScanEm
                0x0800f848       0x80 CMakeFiles/templateDevelopment.elf.dir/myApplcation/MyKey.cpp.obj
                0x0800f848                MyKey::KeyScan(unsigned long)
 .text._Z41__static_initialization_and_destruction_0ii
                0x0800f8c8       0x38 CMakeFiles/templateDevelopment.elf.dir/myApplcation/MyLCD.cpp.obj
 .text._ZN5MyLCD17MyLCDLoadKeyBoardEv
                0x0800f900      0x218 CMakeFiles/templateDevelopment.elf.dir/myApplcation/MyLCD.cpp.obj
                0x0800f900                MyLCD::MyLCDLoadKeyBoard()
 .text._ZN5MyLCD14MyLCDTouchInitEv
                0x0800fb18       0x14 CMakeFiles/templateDevelopment.elf.dir/myApplcation/MyLCD.cpp.obj
                0x0800fb18                MyLCD::MyLCDTouchInit()
 .text._ZN5MyLCD18MyLCDMonitorScreenEm
                0x0800fb2c      0xb78 CMakeFiles/templateDevelopment.elf.dir/myApplcation/MyLCD.cpp.obj
                0x0800fb2c                MyLCD::MyLCDMonitorScreen(unsigned long)
 .text._GLOBAL__sub_I_myUsart
                0x080106a4        0xe CMakeFiles/templateDevelopment.elf.dir/myApplcation/MyLCD.cpp.obj
 .text._ZN7MyUsartC2EP20__UART_HandleTypeDef
                0x080106b2        0xa CMakeFiles/templateDevelopment.elf.dir/myApplcation/MyUsart.cpp.obj
                0x080106b2                MyUsart::MyUsart(__UART_HandleTypeDef*)
                0x080106b2                MyUsart::MyUsart(__UART_HandleTypeDef*)
 .text._ZN7MyUsart4SendEPh
                0x080106bc        0xe CMakeFiles/templateDevelopment.elf.dir/myApplcation/MyUsart.cpp.obj
                0x080106bc                MyUsart::Send(unsigned char*)
 *fill*         0x080106ca        0x2 
 .text._ZN7MyUsart10SendStringEPKct
                0x080106cc       0x20 CMakeFiles/templateDevelopment.elf.dir/myApplcation/MyUsart.cpp.obj
                0x080106cc                MyUsart::SendString(char const*, unsigned short)
 .text._ZN7MyUsart10SendOneIntEt
                0x080106ec       0x30 CMakeFiles/templateDevelopment.elf.dir/myApplcation/MyUsart.cpp.obj
                0x080106ec                MyUsart::SendOneInt(unsigned short)
 .text._ZN7MyUsart12SendOneFloatEf
                0x0801071c       0x38 CMakeFiles/templateDevelopment.elf.dir/myApplcation/MyUsart.cpp.obj
                0x0801071c                MyUsart::SendOneFloat(float)
 .text._ZN7MyUsartD2Ev
                0x08010754        0x2 CMakeFiles/templateDevelopment.elf.dir/myApplcation/MyUsart.cpp.obj
                0x08010754                MyUsart::~MyUsart()
                0x08010754                MyUsart::~MyUsart()
 *fill*         0x08010756        0x2 
 .text._Z41__static_initialization_and_destruction_0ii
                0x08010758       0x24 CMakeFiles/templateDevelopment.elf.dir/myApplcation/Mymain.cpp.obj
 *fill*         0x0801077c        0x4 
 .text.Mymain   0x08010780      0x8e0 CMakeFiles/templateDevelopment.elf.dir/myApplcation/Mymain.cpp.obj
                0x08010780                Mymain
 .text._GLOBAL__sub_I_myLcd
                0x08011060        0xe CMakeFiles/templateDevelopment.elf.dir/myApplcation/Mymain.cpp.obj
 *fill*         0x0801106e        0x2 
 .text.ReceiveDataCallBack
                0x08011070       0x4c CMakeFiles/templateDevelopment.elf.dir/myApplcation/seriall_Port.c.obj
                0x08011070                ReceiveDataCallBack
 .text.__aeabi_atexit
                0x080110bc        0xc d:/programfiles/gnu arm embedded toolchain/10 2021.10/bin/../lib/gcc/arm-none-eabi/10.3.1/../../../../arm-none-eabi/lib/thumb/v7e-m+fp/hard\libstdc++.a(atexit_arm.o)
                0x080110bc                __aeabi_atexit
 .text.__cxa_end_cleanup
                0x080110c8        0xc d:/programfiles/gnu arm embedded toolchain/10 2021.10/bin/../lib/gcc/arm-none-eabi/10.3.1/../../../../arm-none-eabi/lib/thumb/v7e-m+fp/hard\libstdc++.a(eh_arm.o)
                0x080110c8                __cxa_end_cleanup
 .text.__cxa_type_match
                0x080110d4       0xb4 d:/programfiles/gnu arm embedded toolchain/10 2021.10/bin/../lib/gcc/arm-none-eabi/10.3.1/../../../../arm-none-eabi/lib/thumb/v7e-m+fp/hard\libstdc++.a(eh_arm.o)
                0x080110d4                __cxa_type_match
 .text.__cxa_begin_cleanup
                0x08011188       0x64 d:/programfiles/gnu arm embedded toolchain/10 2021.10/bin/../lib/gcc/arm-none-eabi/10.3.1/../../../../arm-none-eabi/lib/thumb/v7e-m+fp/hard\libstdc++.a(eh_arm.o)
                0x08011188                __cxa_begin_cleanup
 .text.__gnu_end_cleanup
                0x080111ec       0x70 d:/programfiles/gnu arm embedded toolchain/10 2021.10/bin/../lib/gcc/arm-none-eabi/10.3.1/../../../../arm-none-eabi/lib/thumb/v7e-m+fp/hard\libstdc++.a(eh_arm.o)
                0x080111ec                __gnu_end_cleanup
 .text._ZNSt13bad_exceptionD2Ev
                0x0801125c        0x4 d:/programfiles/gnu arm embedded toolchain/10 2021.10/bin/../lib/gcc/arm-none-eabi/10.3.1/../../../../arm-none-eabi/lib/thumb/v7e-m+fp/hard\libstdc++.a(eh_exception.o)
                0x0801125c                std::bad_exception::~bad_exception()
                0x0801125c                std::bad_exception::~bad_exception()
 .text._ZNKSt13bad_exception4whatEv
                0x08011260        0x8 d:/programfiles/gnu arm embedded toolchain/10 2021.10/bin/../lib/gcc/arm-none-eabi/10.3.1/../../../../arm-none-eabi/lib/thumb/v7e-m+fp/hard\libstdc++.a(eh_exception.o)
                0x08011260                std::bad_exception::what() const
                0x08011260                transaction clone for std::bad_exception::what() const
 .text._ZNSt13bad_exceptionD0Ev
                0x08011268       0x10 d:/programfiles/gnu arm embedded toolchain/10 2021.10/bin/../lib/gcc/arm-none-eabi/10.3.1/../../../../arm-none-eabi/lib/thumb/v7e-m+fp/hard\libstdc++.a(eh_exception.o)
                0x08011268                std::bad_exception::~bad_exception()
 .text.__cxa_get_globals_fast
                0x08011278        0x8 d:/programfiles/gnu arm embedded toolchain/10 2021.10/bin/../lib/gcc/arm-none-eabi/10.3.1/../../../../arm-none-eabi/lib/thumb/v7e-m+fp/hard\libstdc++.a(eh_globals.o)
                0x08011278                __cxa_get_globals_fast
 .text.__cxa_get_globals
                0x08011280        0x8 d:/programfiles/gnu arm embedded toolchain/10 2021.10/bin/../lib/gcc/arm-none-eabi/10.3.1/../../../../arm-none-eabi/lib/thumb/v7e-m+fp/hard\libstdc++.a(eh_globals.o)
                0x08011280                __cxa_get_globals
 .text._ZL28read_encoded_value_with_basehjPKhPj
                0x08011288       0xc0 d:/programfiles/gnu arm embedded toolchain/10 2021.10/bin/../lib/gcc/arm-none-eabi/10.3.1/../../../../arm-none-eabi/lib/thumb/v7e-m+fp/hard\libstdc++.a(eh_personality.o)
 .text._ZL21base_of_encoded_valuehP15_Unwind_Context
                0x08011348       0x50 d:/programfiles/gnu arm embedded toolchain/10 2021.10/bin/../lib/gcc/arm-none-eabi/10.3.1/../../../../arm-none-eabi/lib/thumb/v7e-m+fp/hard\libstdc++.a(eh_personality.o)
 .text._ZL17parse_lsda_headerP15_Unwind_ContextPKhP16lsda_header_info
                0x08011398       0x94 d:/programfiles/gnu arm embedded toolchain/10 2021.10/bin/../lib/gcc/arm-none-eabi/10.3.1/../../../../arm-none-eabi/lib/thumb/v7e-m+fp/hard\libstdc++.a(eh_personality.o)
 .text.__gxx_personality_v0
                0x0801142c      0x4a8 d:/programfiles/gnu arm embedded toolchain/10 2021.10/bin/../lib/gcc/arm-none-eabi/10.3.1/../../../../arm-none-eabi/lib/thumb/v7e-m+fp/hard\libstdc++.a(eh_personality.o)
                0x0801142c                __gxx_personality_v0
 .text._ZN10__cxxabiv111__terminateEPFvvE
                0x080118d4       0x28 d:/programfiles/gnu arm embedded toolchain/10 2021.10/bin/../lib/gcc/arm-none-eabi/10.3.1/../../../../arm-none-eabi/lib/thumb/v7e-m+fp/hard\libstdc++.a(eh_terminate.o)
                0x080118d4                __cxxabiv1::__terminate(void (*)())
 .text._ZSt9terminatev
                0x080118fc       0x14 d:/programfiles/gnu arm embedded toolchain/10 2021.10/bin/../lib/gcc/arm-none-eabi/10.3.1/../../../../arm-none-eabi/lib/thumb/v7e-m+fp/hard\libstdc++.a(eh_terminate.o)
                0x080118fc                std::terminate()
 .text._ZN10__cxxabiv112__unexpectedEPFvvE
                0x08011910        0x8 d:/programfiles/gnu arm embedded toolchain/10 2021.10/bin/../lib/gcc/arm-none-eabi/10.3.1/../../../../arm-none-eabi/lib/thumb/v7e-m+fp/hard\libstdc++.a(eh_terminate.o)
                0x08011910                __cxxabiv1::__unexpected(void (*)())
 .text._ZSt10unexpectedv
                0x08011918       0x14 d:/programfiles/gnu arm embedded toolchain/10 2021.10/bin/../lib/gcc/arm-none-eabi/10.3.1/../../../../arm-none-eabi/lib/thumb/v7e-m+fp/hard\libstdc++.a(eh_terminate.o)
                0x08011918                std::unexpected()
 .text._ZSt13get_terminatev
                0x0801192c       0x10 d:/programfiles/gnu arm embedded toolchain/10 2021.10/bin/../lib/gcc/arm-none-eabi/10.3.1/../../../../arm-none-eabi/lib/thumb/v7e-m+fp/hard\libstdc++.a(eh_terminate.o)
                0x0801192c                std::get_terminate()
 .text._ZSt14get_unexpectedv
                0x0801193c       0x10 d:/programfiles/gnu arm embedded toolchain/10 2021.10/bin/../lib/gcc/arm-none-eabi/10.3.1/../../../../arm-none-eabi/lib/thumb/v7e-m+fp/hard\libstdc++.a(eh_terminate.o)
                0x0801193c                std::get_unexpected()
 .text._ZN10__cxxabiv120__si_class_type_infoD2Ev
                0x0801194c       0x14 d:/programfiles/gnu arm embedded toolchain/10 2021.10/bin/../lib/gcc/arm-none-eabi/10.3.1/../../../../arm-none-eabi/lib/thumb/v7e-m+fp/hard\libstdc++.a(si_class_type_info.o)
                0x0801194c                __cxxabiv1::__si_class_type_info::~__si_class_type_info()
                0x0801194c                __cxxabiv1::__si_class_type_info::~__si_class_type_info()
 .text._ZN10__cxxabiv120__si_class_type_infoD0Ev
                0x08011960       0x1c d:/programfiles/gnu arm embedded toolchain/10 2021.10/bin/../lib/gcc/arm-none-eabi/10.3.1/../../../../arm-none-eabi/lib/thumb/v7e-m+fp/hard\libstdc++.a(si_class_type_info.o)
                0x08011960                __cxxabiv1::__si_class_type_info::~__si_class_type_info()
 .text._ZNK10__cxxabiv120__si_class_type_info20__do_find_public_srcEiPKvPKNS_17__class_type_infoES2_
                0x0801197c       0x3c d:/programfiles/gnu arm embedded toolchain/10 2021.10/bin/../lib/gcc/arm-none-eabi/10.3.1/../../../../arm-none-eabi/lib/thumb/v7e-m+fp/hard\libstdc++.a(si_class_type_info.o)
                0x0801197c                __cxxabiv1::__si_class_type_info::__do_find_public_src(int, void const*, __cxxabiv1::__class_type_info const*, void const*) const
 .text._ZNK10__cxxabiv120__si_class_type_info12__do_dyncastEiNS_17__class_type_info10__sub_kindEPKS1_PKvS4_S6_RNS1_16__dyncast_resultE
                0x080119b8       0x80 d:/programfiles/gnu arm embedded toolchain/10 2021.10/bin/../lib/gcc/arm-none-eabi/10.3.1/../../../../arm-none-eabi/lib/thumb/v7e-m+fp/hard\libstdc++.a(si_class_type_info.o)
                0x080119b8                __cxxabiv1::__si_class_type_info::__do_dyncast(int, __cxxabiv1::__class_type_info::__sub_kind, __cxxabiv1::__class_type_info const*, void const*, __cxxabiv1::__class_type_info const*, void const*, __cxxabiv1::__class_type_info::__dyncast_result&) const
 .text._ZNK10__cxxabiv120__si_class_type_info11__do_upcastEPKNS_17__class_type_infoEPKvRNS1_15__upcast_resultE
                0x08011a38       0x2c d:/programfiles/gnu arm embedded toolchain/10 2021.10/bin/../lib/gcc/arm-none-eabi/10.3.1/../../../../arm-none-eabi/lib/thumb/v7e-m+fp/hard\libstdc++.a(si_class_type_info.o)
                0x08011a38                __cxxabiv1::__si_class_type_info::__do_upcast(__cxxabiv1::__class_type_info const*, void const*, __cxxabiv1::__class_type_info::__upcast_result&) const
 .text._ZNSt9type_infoD2Ev
                0x08011a64        0x4 d:/programfiles/gnu arm embedded toolchain/10 2021.10/bin/../lib/gcc/arm-none-eabi/10.3.1/../../../../arm-none-eabi/lib/thumb/v7e-m+fp/hard\libstdc++.a(tinfo.o)
                0x08011a64                std::type_info::~type_info()
                0x08011a64                std::type_info::~type_info()
 .text._ZNKSt9type_info14__is_pointer_pEv
                0x08011a68        0x4 d:/programfiles/gnu arm embedded toolchain/10 2021.10/bin/../lib/gcc/arm-none-eabi/10.3.1/../../../../arm-none-eabi/lib/thumb/v7e-m+fp/hard\libstdc++.a(tinfo.o)
                0x08011a68                std::type_info::__is_pointer_p() const
                0x08011a68                std::type_info::__is_function_p() const
 .text._ZNKSt9type_infoeqERKS_
                0x08011a6c       0x2c d:/programfiles/gnu arm embedded toolchain/10 2021.10/bin/../lib/gcc/arm-none-eabi/10.3.1/../../../../arm-none-eabi/lib/thumb/v7e-m+fp/hard\libstdc++.a(tinfo.o)
                0x08011a6c                std::type_info::operator==(std::type_info const&) const
 .text._ZN9__gnu_cxx27__verbose_terminate_handlerEv
                0x08011a98      0x10c d:/programfiles/gnu arm embedded toolchain/10 2021.10/bin/../lib/gcc/arm-none-eabi/10.3.1/../../../../arm-none-eabi/lib/thumb/v7e-m+fp/hard\libstdc++.a(vterminate.o)
                0x08011a98                __gnu_cxx::__verbose_terminate_handler()
 .text._ZNK10__cxxabiv117__class_type_info11__do_upcastEPKS0_PPv
                0x08011ba4       0x34 d:/programfiles/gnu arm embedded toolchain/10 2021.10/bin/../lib/gcc/arm-none-eabi/10.3.1/../../../../arm-none-eabi/lib/thumb/v7e-m+fp/hard\libstdc++.a(class_type_info.o)
                0x08011ba4                __cxxabiv1::__class_type_info::__do_upcast(__cxxabiv1::__class_type_info const*, void**) const
 .text._ZNK10__cxxabiv117__class_type_info20__do_find_public_srcEiPKvPKS0_S2_
                0x08011bd8        0xc d:/programfiles/gnu arm embedded toolchain/10 2021.10/bin/../lib/gcc/arm-none-eabi/10.3.1/../../../../arm-none-eabi/lib/thumb/v7e-m+fp/hard\libstdc++.a(class_type_info.o)
                0x08011bd8                __cxxabiv1::__class_type_info::__do_find_public_src(int, void const*, __cxxabiv1::__class_type_info const*, void const*) const
 .text._ZN10__cxxabiv117__class_type_infoD2Ev
                0x08011be4       0x14 d:/programfiles/gnu arm embedded toolchain/10 2021.10/bin/../lib/gcc/arm-none-eabi/10.3.1/../../../../arm-none-eabi/lib/thumb/v7e-m+fp/hard\libstdc++.a(class_type_info.o)
                0x08011be4                __cxxabiv1::__class_type_info::~__class_type_info()
                0x08011be4                __cxxabiv1::__class_type_info::~__class_type_info()
 .text._ZN10__cxxabiv117__class_type_infoD0Ev
                0x08011bf8       0x1c d:/programfiles/gnu arm embedded toolchain/10 2021.10/bin/../lib/gcc/arm-none-eabi/10.3.1/../../../../arm-none-eabi/lib/thumb/v7e-m+fp/hard\libstdc++.a(class_type_info.o)
                0x08011bf8                __cxxabiv1::__class_type_info::~__class_type_info()
 .text._ZNK10__cxxabiv117__class_type_info12__do_dyncastEiNS0_10__sub_kindEPKS0_PKvS3_S5_RNS0_16__dyncast_resultE
                0x08011c14       0x44 d:/programfiles/gnu arm embedded toolchain/10 2021.10/bin/../lib/gcc/arm-none-eabi/10.3.1/../../../../arm-none-eabi/lib/thumb/v7e-m+fp/hard\libstdc++.a(class_type_info.o)
                0x08011c14                __cxxabiv1::__class_type_info::__do_dyncast(int, __cxxabiv1::__class_type_info::__sub_kind, __cxxabiv1::__class_type_info const*, void const*, __cxxabiv1::__class_type_info const*, void const*, __cxxabiv1::__class_type_info::__dyncast_result&) const
 .text._ZNK10__cxxabiv117__class_type_info11__do_upcastEPKS0_PKvRNS0_15__upcast_resultE
                0x08011c58       0x1c d:/programfiles/gnu arm embedded toolchain/10 2021.10/bin/../lib/gcc/arm-none-eabi/10.3.1/../../../../arm-none-eabi/lib/thumb/v7e-m+fp/hard\libstdc++.a(class_type_info.o)
                0x08011c58                __cxxabiv1::__class_type_info::__do_upcast(__cxxabiv1::__class_type_info const*, void const*, __cxxabiv1::__class_type_info::__upcast_result&) const
 .text._ZNK10__cxxabiv117__class_type_info10__do_catchEPKSt9type_infoPPvj
                0x08011c74       0x2c d:/programfiles/gnu arm embedded toolchain/10 2021.10/bin/../lib/gcc/arm-none-eabi/10.3.1/../../../../arm-none-eabi/lib/thumb/v7e-m+fp/hard\libstdc++.a(class_type_info.o)
                0x08011c74                __cxxabiv1::__class_type_info::__do_catch(std::type_info const*, void**, unsigned int) const
 .text._ZdlPvj  0x08011ca0        0x4 d:/programfiles/gnu arm embedded toolchain/10 2021.10/bin/../lib/gcc/arm-none-eabi/10.3.1/../../../../arm-none-eabi/lib/thumb/v7e-m+fp/hard\libstdc++.a(del_ops.o)
                0x08011ca0                operator delete(void*, unsigned int)
 .text._ZN10__cxxabiv1L24__is_gxx_exception_classEPc
                0x08011ca4       0x3c d:/programfiles/gnu arm embedded toolchain/10 2021.10/bin/../lib/gcc/arm-none-eabi/10.3.1/../../../../arm-none-eabi/lib/thumb/v7e-m+fp/hard\libstdc++.a(eh_call.o)
 .text.__cxa_call_terminate
                0x08011ce0       0x20 d:/programfiles/gnu arm embedded toolchain/10 2021.10/bin/../lib/gcc/arm-none-eabi/10.3.1/../../../../arm-none-eabi/lib/thumb/v7e-m+fp/hard\libstdc++.a(eh_call.o)
                0x08011ce0                __cxa_call_terminate
 .text.unlikely.__cxa_call_unexpected
                0x08011d00       0xe4 d:/programfiles/gnu arm embedded toolchain/10 2021.10/bin/../lib/gcc/arm-none-eabi/10.3.1/../../../../arm-none-eabi/lib/thumb/v7e-m+fp/hard\libstdc++.a(eh_call.o)
                0x08011d00                __cxa_call_unexpected
 .text.__cxa_begin_catch
                0x08011de4       0x7c d:/programfiles/gnu arm embedded toolchain/10 2021.10/bin/../lib/gcc/arm-none-eabi/10.3.1/../../../../arm-none-eabi/lib/thumb/v7e-m+fp/hard\libstdc++.a(eh_catch.o)
                0x08011de4                __cxa_begin_catch
 .text.__cxa_end_catch
                0x08011e60       0x8c d:/programfiles/gnu arm embedded toolchain/10 2021.10/bin/../lib/gcc/arm-none-eabi/10.3.1/../../../../arm-none-eabi/lib/thumb/v7e-m+fp/hard\libstdc++.a(eh_catch.o)
                0x08011e60                __cxa_end_catch
 .text._ZL23__gxx_exception_cleanup19_Unwind_Reason_CodeP21_Unwind_Control_Block
                0x08011eec       0x4c d:/programfiles/gnu arm embedded toolchain/10 2021.10/bin/../lib/gcc/arm-none-eabi/10.3.1/../../../../arm-none-eabi/lib/thumb/v7e-m+fp/hard\libstdc++.a(eh_throw.o)
 .text.__cxa_init_primary_exception
                0x08011f38       0x58 d:/programfiles/gnu arm embedded toolchain/10 2021.10/bin/../lib/gcc/arm-none-eabi/10.3.1/../../../../arm-none-eabi/lib/thumb/v7e-m+fp/hard\libstdc++.a(eh_throw.o)
                0x08011f38                __cxa_init_primary_exception
 .text.__cxa_throw
                0x08011f90       0x38 d:/programfiles/gnu arm embedded toolchain/10 2021.10/bin/../lib/gcc/arm-none-eabi/10.3.1/../../../../arm-none-eabi/lib/thumb/v7e-m+fp/hard\libstdc++.a(eh_throw.o)
                0x08011f90                __cxa_throw
 .text.__cxa_rethrow
                0x08011fc8       0x70 d:/programfiles/gnu arm embedded toolchain/10 2021.10/bin/../lib/gcc/arm-none-eabi/10.3.1/../../../../arm-none-eabi/lib/thumb/v7e-m+fp/hard\libstdc++.a(eh_throw.o)
                0x08011fc8                __cxa_rethrow
 .text.__cxa_current_exception_type
                0x08012038       0x1c d:/programfiles/gnu arm embedded toolchain/10 2021.10/bin/../lib/gcc/arm-none-eabi/10.3.1/../../../../arm-none-eabi/lib/thumb/v7e-m+fp/hard\libstdc++.a(eh_type.o)
                0x08012038                __cxa_current_exception_type
 .text._ZdlPv   0x08012054        0x4 d:/programfiles/gnu arm embedded toolchain/10 2021.10/bin/../lib/gcc/arm-none-eabi/10.3.1/../../../../arm-none-eabi/lib/thumb/v7e-m+fp/hard\libstdc++.a(del_op.o)
                0x08012054                operator delete(void*)
 .text._ZN12_GLOBAL__N_14pool4freeEPv.constprop.0
                0x08012058       0x88 d:/programfiles/gnu arm embedded toolchain/10 2021.10/bin/../lib/gcc/arm-none-eabi/10.3.1/../../../../arm-none-eabi/lib/thumb/v7e-m+fp/hard\libstdc++.a(eh_alloc.o)
 .text._ZN12_GLOBAL__N_14pool8allocateEj.constprop.0
                0x080120e0       0x58 d:/programfiles/gnu arm embedded toolchain/10 2021.10/bin/../lib/gcc/arm-none-eabi/10.3.1/../../../../arm-none-eabi/lib/thumb/v7e-m+fp/hard\libstdc++.a(eh_alloc.o)
 .text.__cxa_allocate_exception
                0x08012138       0x30 d:/programfiles/gnu arm embedded toolchain/10 2021.10/bin/../lib/gcc/arm-none-eabi/10.3.1/../../../../arm-none-eabi/lib/thumb/v7e-m+fp/hard\libstdc++.a(eh_alloc.o)
                0x08012138                __cxa_allocate_exception
 .text.__cxa_free_exception
                0x08012168       0x20 d:/programfiles/gnu arm embedded toolchain/10 2021.10/bin/../lib/gcc/arm-none-eabi/10.3.1/../../../../arm-none-eabi/lib/thumb/v7e-m+fp/hard\libstdc++.a(eh_alloc.o)
                0x08012168                __cxa_free_exception
 .text.startup._GLOBAL__sub_I__ZN9__gnu_cxx9__freeresEv
                0x08012188       0x28 d:/programfiles/gnu arm embedded toolchain/10 2021.10/bin/../lib/gcc/arm-none-eabi/10.3.1/../../../../arm-none-eabi/lib/thumb/v7e-m+fp/hard\libstdc++.a(eh_alloc.o)
 .text.unlikely
                0x080121b0        0xc d:/programfiles/gnu arm embedded toolchain/10 2021.10/bin/../lib/gcc/arm-none-eabi/10.3.1/thumb/v7e-m+fp/hard\libgcc.a(pr-support.o)
                0x080121b0                _Unwind_GetDataRelBase
                0x080121b6                _Unwind_GetTextRelBase
 .text.abort    0x080121bc       0x10 d:/programfiles/gnu arm embedded toolchain/10 2021.10/bin/../lib/gcc/arm-none-eabi/10.3.1/../../../../arm-none-eabi/lib/thumb/v7e-m+fp/hard\libg.a(lib_a-abort.o)
                0x080121bc                abort
 .text.atof     0x080121cc        0x8 d:/programfiles/gnu arm embedded toolchain/10 2021.10/bin/../lib/gcc/arm-none-eabi/10.3.1/../../../../arm-none-eabi/lib/thumb/v7e-m+fp/hard\libg.a(lib_a-atof.o)
                0x080121cc                atof
 .text.__cxa_atexit
                0x080121d4        0xc d:/programfiles/gnu arm embedded toolchain/10 2021.10/bin/../lib/gcc/arm-none-eabi/10.3.1/../../../../arm-none-eabi/lib/thumb/v7e-m+fp/hard\libg.a(lib_a-cxa_atexit.o)
                0x080121d4                __cxa_atexit
 .text.__errno  0x080121e0        0xc d:/programfiles/gnu arm embedded toolchain/10 2021.10/bin/../lib/gcc/arm-none-eabi/10.3.1/../../../../arm-none-eabi/lib/thumb/v7e-m+fp/hard\libg.a(lib_a-errno.o)
                0x080121e0                __errno
 .text.fputc    0x080121ec       0x64 d:/programfiles/gnu arm embedded toolchain/10 2021.10/bin/../lib/gcc/arm-none-eabi/10.3.1/../../../../arm-none-eabi/lib/thumb/v7e-m+fp/hard\libg.a(lib_a-fputc.o)
                0x080121ec                fputc
 .text._fputs_r
                0x08012250       0x88 d:/programfiles/gnu arm embedded toolchain/10 2021.10/bin/../lib/gcc/arm-none-eabi/10.3.1/../../../../arm-none-eabi/lib/thumb/v7e-m+fp/hard\libg.a(lib_a-fputs.o)
                0x08012250                _fputs_r
 .text.fputs    0x080122d8       0x18 d:/programfiles/gnu arm embedded toolchain/10 2021.10/bin/../lib/gcc/arm-none-eabi/10.3.1/../../../../arm-none-eabi/lib/thumb/v7e-m+fp/hard\libg.a(lib_a-fputs.o)
                0x080122d8                fputs
 .text.__sfvwrite_r
                0x080122f0      0x2f0 d:/programfiles/gnu arm embedded toolchain/10 2021.10/bin/../lib/gcc/arm-none-eabi/10.3.1/../../../../arm-none-eabi/lib/thumb/v7e-m+fp/hard\libg.a(lib_a-fvwrite.o)
                0x080122f0                __sfvwrite_r
 .text._fwrite_r
                0x080125e0       0xa8 d:/programfiles/gnu arm embedded toolchain/10 2021.10/bin/../lib/gcc/arm-none-eabi/10.3.1/../../../../arm-none-eabi/lib/thumb/v7e-m+fp/hard\libg.a(lib_a-fwrite.o)
                0x080125e0                _fwrite_r
 .text.fwrite   0x08012688       0x20 d:/programfiles/gnu arm embedded toolchain/10 2021.10/bin/../lib/gcc/arm-none-eabi/10.3.1/../../../../arm-none-eabi/lib/thumb/v7e-m+fp/hard\libg.a(lib_a-fwrite.o)
                0x08012688                fwrite
 .text.__libc_init_array
                0x080126a8       0x48 d:/programfiles/gnu arm embedded toolchain/10 2021.10/bin/../lib/gcc/arm-none-eabi/10.3.1/../../../../arm-none-eabi/lib/thumb/v7e-m+fp/hard\libg.a(lib_a-init.o)
                0x080126a8                __libc_init_array
 .text.__retarget_lock_init_recursive
                0x080126f0        0x4 d:/programfiles/gnu arm embedded toolchain/10 2021.10/bin/../lib/gcc/arm-none-eabi/10.3.1/../../../../arm-none-eabi/lib/thumb/v7e-m+fp/hard\libg.a(lib_a-lock.o)
                0x080126f0                __retarget_lock_init_recursive
 .text.__retarget_lock_close_recursive
                0x080126f4        0x4 d:/programfiles/gnu arm embedded toolchain/10 2021.10/bin/../lib/gcc/arm-none-eabi/10.3.1/../../../../arm-none-eabi/lib/thumb/v7e-m+fp/hard\libg.a(lib_a-lock.o)
                0x080126f4                __retarget_lock_close_recursive
 .text.__retarget_lock_acquire_recursive
                0x080126f8        0x4 d:/programfiles/gnu arm embedded toolchain/10 2021.10/bin/../lib/gcc/arm-none-eabi/10.3.1/../../../../arm-none-eabi/lib/thumb/v7e-m+fp/hard\libg.a(lib_a-lock.o)
                0x080126f8                __retarget_lock_acquire_recursive
 .text.__retarget_lock_release_recursive
                0x080126fc        0x4 d:/programfiles/gnu arm embedded toolchain/10 2021.10/bin/../lib/gcc/arm-none-eabi/10.3.1/../../../../arm-none-eabi/lib/thumb/v7e-m+fp/hard\libg.a(lib_a-lock.o)
                0x080126fc                __retarget_lock_release_recursive
 .text.malloc   0x08012700       0x10 d:/programfiles/gnu arm embedded toolchain/10 2021.10/bin/../lib/gcc/arm-none-eabi/10.3.1/../../../../arm-none-eabi/lib/thumb/v7e-m+fp/hard\libg.a(lib_a-malloc.o)
                0x08012700                malloc
 .text.free     0x08012710       0x10 d:/programfiles/gnu arm embedded toolchain/10 2021.10/bin/../lib/gcc/arm-none-eabi/10.3.1/../../../../arm-none-eabi/lib/thumb/v7e-m+fp/hard\libg.a(lib_a-malloc.o)
                0x08012710                free
 .text._malloc_r
                0x08012720      0x560 d:/programfiles/gnu arm embedded toolchain/10 2021.10/bin/../lib/gcc/arm-none-eabi/10.3.1/../../../../arm-none-eabi/lib/thumb/v7e-m+fp/hard\libg.a(lib_a-mallocr.o)
                0x08012720                _malloc_r
 .text.memcmp   0x08012c80       0x64 d:/programfiles/gnu arm embedded toolchain/10 2021.10/bin/../lib/gcc/arm-none-eabi/10.3.1/../../../../arm-none-eabi/lib/thumb/v7e-m+fp/hard\libg.a(lib_a-memcmp.o)
                0x08012c80                memcmp
 .text.memmove  0x08012ce4       0xf8 d:/programfiles/gnu arm embedded toolchain/10 2021.10/bin/../lib/gcc/arm-none-eabi/10.3.1/../../../../arm-none-eabi/lib/thumb/v7e-m+fp/hard\libg.a(lib_a-memmove.o)
                0x08012ce4                memmove
 .text.memset   0x08012ddc       0xa4 d:/programfiles/gnu arm embedded toolchain/10 2021.10/bin/../lib/gcc/arm-none-eabi/10.3.1/../../../../arm-none-eabi/lib/thumb/v7e-m+fp/hard\libg.a(lib_a-memset.o)
                0x08012ddc                memset
 .text.__malloc_lock
                0x08012e80        0xc d:/programfiles/gnu arm embedded toolchain/10 2021.10/bin/../lib/gcc/arm-none-eabi/10.3.1/../../../../arm-none-eabi/lib/thumb/v7e-m+fp/hard\libg.a(lib_a-mlock.o)
                0x08012e80                __malloc_lock
 .text.__malloc_unlock
                0x08012e8c        0xc d:/programfiles/gnu arm embedded toolchain/10 2021.10/bin/../lib/gcc/arm-none-eabi/10.3.1/../../../../arm-none-eabi/lib/thumb/v7e-m+fp/hard\libg.a(lib_a-mlock.o)
                0x08012e8c                __malloc_unlock
 .text._putc_r  0x08012e98       0x74 d:/programfiles/gnu arm embedded toolchain/10 2021.10/bin/../lib/gcc/arm-none-eabi/10.3.1/../../../../arm-none-eabi/lib/thumb/v7e-m+fp/hard\libg.a(lib_a-putc.o)
                0x08012e98                _putc_r
 .text.realloc  0x08012f0c       0x18 d:/programfiles/gnu arm embedded toolchain/10 2021.10/bin/../lib/gcc/arm-none-eabi/10.3.1/../../../../arm-none-eabi/lib/thumb/v7e-m+fp/hard\libg.a(lib_a-realloc.o)
                0x08012f0c                realloc
 .text._realloc_r
                0x08012f24      0x3d8 d:/programfiles/gnu arm embedded toolchain/10 2021.10/bin/../lib/gcc/arm-none-eabi/10.3.1/../../../../arm-none-eabi/lib/thumb/v7e-m+fp/hard\libg.a(lib_a-reallocr.o)
                0x08012f24                _realloc_r
 .text._sbrk_r  0x080132fc       0x24 d:/programfiles/gnu arm embedded toolchain/10 2021.10/bin/../lib/gcc/arm-none-eabi/10.3.1/../../../../arm-none-eabi/lib/thumb/v7e-m+fp/hard\libg.a(lib_a-sbrkr.o)
                0x080132fc                _sbrk_r
 .text.raise    0x08013320       0x5c d:/programfiles/gnu arm embedded toolchain/10 2021.10/bin/../lib/gcc/arm-none-eabi/10.3.1/../../../../arm-none-eabi/lib/thumb/v7e-m+fp/hard\libg.a(lib_a-signal.o)
                0x08013320                raise
 .text._kill_r  0x0801337c       0x2c d:/programfiles/gnu arm embedded toolchain/10 2021.10/bin/../lib/gcc/arm-none-eabi/10.3.1/../../../../arm-none-eabi/lib/thumb/v7e-m+fp/hard\libg.a(lib_a-signalr.o)
                0x0801337c                _kill_r
 .text._getpid_r
                0x080133a8        0x4 d:/programfiles/gnu arm embedded toolchain/10 2021.10/bin/../lib/gcc/arm-none-eabi/10.3.1/../../../../arm-none-eabi/lib/thumb/v7e-m+fp/hard\libg.a(lib_a-signalr.o)
                0x080133a8                _getpid_r
 .text.sprintf  0x080133ac       0x40 d:/programfiles/gnu arm embedded toolchain/10 2021.10/bin/../lib/gcc/arm-none-eabi/10.3.1/../../../../arm-none-eabi/lib/thumb/v7e-m+fp/hard\libg.a(lib_a-sprintf.o)
                0x080133ac                sprintf
 .text.strncmp  0x080133ec       0x80 d:/programfiles/gnu arm embedded toolchain/10 2021.10/bin/../lib/gcc/arm-none-eabi/10.3.1/../../../../arm-none-eabi/lib/thumb/v7e-m+fp/hard\libg.a(lib_a-strncmp.o)
                0x080133ec                strncmp
 *fill*         0x0801346c        0x4 
 .text._strtod_l
                0x08013470      0xf50 d:/programfiles/gnu arm embedded toolchain/10 2021.10/bin/../lib/gcc/arm-none-eabi/10.3.1/../../../../arm-none-eabi/lib/thumb/v7e-m+fp/hard\libg.a(lib_a-strtod.o)
                0x08013470                _strtod_l
 .text.strtod   0x080143c0       0x20 d:/programfiles/gnu arm embedded toolchain/10 2021.10/bin/../lib/gcc/arm-none-eabi/10.3.1/../../../../arm-none-eabi/lib/thumb/v7e-m+fp/hard\libg.a(lib_a-strtod.o)
                0x080143c0                strtod
 .text._svfprintf_r
                0x080143e0     0x1acc d:/programfiles/gnu arm embedded toolchain/10 2021.10/bin/../lib/gcc/arm-none-eabi/10.3.1/../../../../arm-none-eabi/lib/thumb/v7e-m+fp/hard\libg.a(lib_a-svfprintf.o)
                0x080143e0                _svfprintf_r
 .text.__swbuf_r
                0x08015eac       0xb0 d:/programfiles/gnu arm embedded toolchain/10 2021.10/bin/../lib/gcc/arm-none-eabi/10.3.1/../../../../arm-none-eabi/lib/thumb/v7e-m+fp/hard\libg.a(lib_a-wbuf.o)
                0x08015eac                __swbuf_r
 .text._write_r
                0x08015f5c       0x2c d:/programfiles/gnu arm embedded toolchain/10 2021.10/bin/../lib/gcc/arm-none-eabi/10.3.1/../../../../arm-none-eabi/lib/thumb/v7e-m+fp/hard\libg.a(lib_a-writer.o)
                0x08015f5c                _write_r
 .text.__swsetup_r
                0x08015f88       0xd4 d:/programfiles/gnu arm embedded toolchain/10 2021.10/bin/../lib/gcc/arm-none-eabi/10.3.1/../../../../arm-none-eabi/lib/thumb/v7e-m+fp/hard\libg.a(lib_a-wsetup.o)
                0x08015f88                __swsetup_r
 .text.__register_exitproc
                0x0801605c       0x8c d:/programfiles/gnu arm embedded toolchain/10 2021.10/bin/../lib/gcc/arm-none-eabi/10.3.1/../../../../arm-none-eabi/lib/thumb/v7e-m+fp/hard\libg.a(lib_a-__atexit.o)
                0x0801605c                __register_exitproc
 .text.startup.register_fini
                0x080160e8       0x14 d:/programfiles/gnu arm embedded toolchain/10 2021.10/bin/../lib/gcc/arm-none-eabi/10.3.1/../../../../arm-none-eabi/lib/thumb/v7e-m+fp/hard\libg.a(lib_a-__call_atexit.o)
 .text.atexit   0x080160fc        0xc d:/programfiles/gnu arm embedded toolchain/10 2021.10/bin/../lib/gcc/arm-none-eabi/10.3.1/../../../../arm-none-eabi/lib/thumb/v7e-m+fp/hard\libg.a(lib_a-atexit.o)
                0x080160fc                atexit
 .text.quorem   0x08016108      0x128 d:/programfiles/gnu arm embedded toolchain/10 2021.10/bin/../lib/gcc/arm-none-eabi/10.3.1/../../../../arm-none-eabi/lib/thumb/v7e-m+fp/hard\libg.a(lib_a-dtoa.o)
 .text._dtoa_r  0x08016230      0xf3c d:/programfiles/gnu arm embedded toolchain/10 2021.10/bin/../lib/gcc/arm-none-eabi/10.3.1/../../../../arm-none-eabi/lib/thumb/v7e-m+fp/hard\libg.a(lib_a-dtoa.o)
                0x08016230                _dtoa_r
 .text.__sflush_r
                0x0801716c      0x130 d:/programfiles/gnu arm embedded toolchain/10 2021.10/bin/../lib/gcc/arm-none-eabi/10.3.1/../../../../arm-none-eabi/lib/thumb/v7e-m+fp/hard\libg.a(lib_a-fflush.o)
                0x0801716c                __sflush_r
 .text._fflush_r
                0x0801729c       0x5c d:/programfiles/gnu arm embedded toolchain/10 2021.10/bin/../lib/gcc/arm-none-eabi/10.3.1/../../../../arm-none-eabi/lib/thumb/v7e-m+fp/hard\libg.a(lib_a-fflush.o)
                0x0801729c                _fflush_r
 .text._cleanup_r
                0x080172f8        0xc d:/programfiles/gnu arm embedded toolchain/10 2021.10/bin/../lib/gcc/arm-none-eabi/10.3.1/../../../../arm-none-eabi/lib/thumb/v7e-m+fp/hard\libg.a(lib_a-findfp.o)
                0x080172f8                _cleanup_r
 .text.__sinit  0x08017304      0x10c d:/programfiles/gnu arm embedded toolchain/10 2021.10/bin/../lib/gcc/arm-none-eabi/10.3.1/../../../../arm-none-eabi/lib/thumb/v7e-m+fp/hard\libg.a(lib_a-findfp.o)
                0x08017304                __sinit
 .text.__sfp_lock_acquire
                0x08017410        0xc d:/programfiles/gnu arm embedded toolchain/10 2021.10/bin/../lib/gcc/arm-none-eabi/10.3.1/../../../../arm-none-eabi/lib/thumb/v7e-m+fp/hard\libg.a(lib_a-findfp.o)
                0x08017410                __sfp_lock_acquire
 .text.__sfp_lock_release
                0x0801741c        0xc d:/programfiles/gnu arm embedded toolchain/10 2021.10/bin/../lib/gcc/arm-none-eabi/10.3.1/../../../../arm-none-eabi/lib/thumb/v7e-m+fp/hard\libg.a(lib_a-findfp.o)
                0x0801741c                __sfp_lock_release
 .text.__libc_fini_array
                0x08017428       0x2c d:/programfiles/gnu arm embedded toolchain/10 2021.10/bin/../lib/gcc/arm-none-eabi/10.3.1/../../../../arm-none-eabi/lib/thumb/v7e-m+fp/hard\libg.a(lib_a-fini.o)
                0x08017428                __libc_fini_array
 .text._malloc_trim_r
                0x08017454       0xa0 d:/programfiles/gnu arm embedded toolchain/10 2021.10/bin/../lib/gcc/arm-none-eabi/10.3.1/../../../../arm-none-eabi/lib/thumb/v7e-m+fp/hard\libg.a(lib_a-freer.o)
                0x08017454                _malloc_trim_r
 .text._free_r  0x080174f4      0x20c d:/programfiles/gnu arm embedded toolchain/10 2021.10/bin/../lib/gcc/arm-none-eabi/10.3.1/../../../../arm-none-eabi/lib/thumb/v7e-m+fp/hard\libg.a(lib_a-freer.o)
                0x080174f4                _free_r
 .text._fwalk_reent
                0x08017700       0x48 d:/programfiles/gnu arm embedded toolchain/10 2021.10/bin/../lib/gcc/arm-none-eabi/10.3.1/../../../../arm-none-eabi/lib/thumb/v7e-m+fp/hard\libg.a(lib_a-fwalk.o)
                0x08017700                _fwalk_reent
 .text.rshift   0x08017748       0xa4 d:/programfiles/gnu arm embedded toolchain/10 2021.10/bin/../lib/gcc/arm-none-eabi/10.3.1/../../../../arm-none-eabi/lib/thumb/v7e-m+fp/hard\libg.a(lib_a-gdtoa-gethex.o)
 .text.__gethex
                0x080177ec      0x5d8 d:/programfiles/gnu arm embedded toolchain/10 2021.10/bin/../lib/gcc/arm-none-eabi/10.3.1/../../../../arm-none-eabi/lib/thumb/v7e-m+fp/hard\libg.a(lib_a-gdtoa-gethex.o)
                0x080177ec                __gethex
 .text.__match  0x08017dc4       0x38 d:/programfiles/gnu arm embedded toolchain/10 2021.10/bin/../lib/gcc/arm-none-eabi/10.3.1/../../../../arm-none-eabi/lib/thumb/v7e-m+fp/hard\libg.a(lib_a-gdtoa-hexnan.o)
                0x08017dc4                __match
 .text.__hexnan
                0x08017dfc      0x1ac d:/programfiles/gnu arm embedded toolchain/10 2021.10/bin/../lib/gcc/arm-none-eabi/10.3.1/../../../../arm-none-eabi/lib/thumb/v7e-m+fp/hard\libg.a(lib_a-gdtoa-hexnan.o)
                0x08017dfc                __hexnan
 .text.__locale_mb_cur_max
                0x08017fa8        0xc d:/programfiles/gnu arm embedded toolchain/10 2021.10/bin/../lib/gcc/arm-none-eabi/10.3.1/../../../../arm-none-eabi/lib/thumb/v7e-m+fp/hard\libg.a(lib_a-locale.o)
                0x08017fa8                __locale_mb_cur_max
 .text._localeconv_r
                0x08017fb4        0x8 d:/programfiles/gnu arm embedded toolchain/10 2021.10/bin/../lib/gcc/arm-none-eabi/10.3.1/../../../../arm-none-eabi/lib/thumb/v7e-m+fp/hard\libg.a(lib_a-localeconv.o)
                0x08017fb4                _localeconv_r
 .text.__smakebuf_r
                0x08017fbc       0xe0 d:/programfiles/gnu arm embedded toolchain/10 2021.10/bin/../lib/gcc/arm-none-eabi/10.3.1/../../../../arm-none-eabi/lib/thumb/v7e-m+fp/hard\libg.a(lib_a-makebuf.o)
                0x08017fbc                __smakebuf_r
 .text.__ascii_mbtowc
                0x0801809c       0x2c d:/programfiles/gnu arm embedded toolchain/10 2021.10/bin/../lib/gcc/arm-none-eabi/10.3.1/../../../../arm-none-eabi/lib/thumb/v7e-m+fp/hard\libg.a(lib_a-mbtowc_r.o)
                0x0801809c                __ascii_mbtowc
 .text._Balloc  0x080180c8       0x4c d:/programfiles/gnu arm embedded toolchain/10 2021.10/bin/../lib/gcc/arm-none-eabi/10.3.1/../../../../arm-none-eabi/lib/thumb/v7e-m+fp/hard\libg.a(lib_a-mprec.o)
                0x080180c8                _Balloc